Component: ARM Compiler 5.06 update 6 (build 750) Tool: armlink [4d35ed]

==============================================================================

Section Cross References

    startup_stm32f103xb.o(STACK) refers (Special) to heapauxi.o(.text) for __use_two_region_memory
    startup_stm32f103xb.o(HEAP) refers (Special) to heapauxi.o(.text) for __use_two_region_memory
    startup_stm32f103xb.o(RESET) refers (Special) to heapauxi.o(.text) for __use_two_region_memory
    startup_stm32f103xb.o(RESET) refers to startup_stm32f103xb.o(STACK) for __initial_sp
    startup_stm32f103xb.o(RESET) refers to startup_stm32f103xb.o(.text) for Reset_Handler
    startup_stm32f103xb.o(RESET) refers to stm32f1xx_it.o(i.NMI_Handler) for NMI_Handler
    startup_stm32f103xb.o(RESET) refers to stm32f1xx_it.o(i.HardFault_Handler) for HardFault_Handler
    startup_stm32f103xb.o(RESET) refers to stm32f1xx_it.o(i.MemManage_Handler) for MemManage_Handler
    startup_stm32f103xb.o(RESET) refers to stm32f1xx_it.o(i.BusFault_Handler) for BusFault_Handler
    startup_stm32f103xb.o(RESET) refers to stm32f1xx_it.o(i.UsageFault_Handler) for UsageFault_Handler
    startup_stm32f103xb.o(RESET) refers to port.o(.emb_text) for SVC_Handler
    startup_stm32f103xb.o(RESET) refers to stm32f1xx_it.o(i.DebugMon_Handler) for DebugMon_Handler
    startup_stm32f103xb.o(RESET) refers to port.o(i.SysTick_Handler) for SysTick_Handler
    startup_stm32f103xb.o(RESET) refers to stm32f1xx_it.o(i.TIM4_IRQHandler) for TIM4_IRQHandler
    startup_stm32f103xb.o(.text) refers (Special) to heapauxi.o(.text) for __use_two_region_memory
    startup_stm32f103xb.o(.text) refers to system_stm32f1xx.o(i.SystemInit) for SystemInit
    startup_stm32f103xb.o(.text) refers to __main.o(!!!main) for __main
    startup_stm32f103xb.o(.text) refers to startup_stm32f103xb.o(HEAP) for Heap_Mem
    startup_stm32f103xb.o(.text) refers to startup_stm32f103xb.o(STACK) for Stack_Mem
    main.o(i.HAL_TIM_PeriodElapsedCallback) refers to stm32f1xx_hal.o(i.HAL_IncTick) for HAL_IncTick
    main.o(i.SystemClock_Config) refers to rt_memclr_w.o(.text) for __aeabi_memclr4
    main.o(i.SystemClock_Config) refers to stm32f1xx_hal_rcc.o(i.HAL_RCC_OscConfig) for HAL_RCC_OscConfig
    main.o(i.SystemClock_Config) refers to stm32f1xx_hal_rcc.o(i.HAL_RCC_ClockConfig) for HAL_RCC_ClockConfig
    main.o(i.SystemClock_Config) refers to stm32f1xx_hal_rcc_ex.o(i.HAL_RCCEx_PeriphCLKConfig) for HAL_RCCEx_PeriphCLKConfig
    main.o(i.fputc) refers to stm32f1xx_hal_uart.o(i.HAL_UART_Transmit) for HAL_UART_Transmit
    main.o(i.fputc) refers to usart.o(.bss) for huart1
    main.o(i.main) refers to stm32f1xx_hal.o(i.HAL_Init) for HAL_Init
    main.o(i.main) refers to main.o(i.SystemClock_Config) for SystemClock_Config
    main.o(i.main) refers to gpio.o(i.MX_GPIO_Init) for MX_GPIO_Init
    main.o(i.main) refers to adc.o(i.MX_ADC1_Init) for MX_ADC1_Init
    main.o(i.main) refers to can.o(i.MX_CAN_Init) for MX_CAN_Init
    main.o(i.main) refers to tim.o(i.MX_TIM1_Init) for MX_TIM1_Init
    main.o(i.main) refers to tim.o(i.MX_TIM2_Init) for MX_TIM2_Init
    main.o(i.main) refers to tim.o(i.MX_TIM3_Init) for MX_TIM3_Init
    main.o(i.main) refers to usart.o(i.MX_USART1_UART_Init) for MX_USART1_UART_Init
    main.o(i.main) refers to i2c.o(i.MX_I2C1_Init) for MX_I2C1_Init
    main.o(i.main) refers to i2c.o(i.MX_I2C2_Init) for MX_I2C2_Init
    main.o(i.main) refers to spi.o(i.MX_SPI2_Init) for MX_SPI2_Init
    main.o(i.main) refers to noretval__2printf.o(.text) for __2printf
    main.o(i.main) refers to freertos.o(i.MX_FREERTOS_Init) for MX_FREERTOS_Init
    main.o(i.main) refers to cmsis_os.o(i.osKernelStart) for osKernelStart
    gpio.o(i.MX_GPIO_Init) refers to stm32f1xx_hal_gpio.o(i.HAL_GPIO_WritePin) for HAL_GPIO_WritePin
    gpio.o(i.MX_GPIO_Init) refers to stm32f1xx_hal_gpio.o(i.HAL_GPIO_Init) for HAL_GPIO_Init
    freertos.o(i.MX_FREERTOS_Init) refers to rt_memcpy_w.o(.text) for __aeabi_memcpy4
    freertos.o(i.MX_FREERTOS_Init) refers to cmsis_os.o(i.osThreadCreate) for osThreadCreate
    freertos.o(i.MX_FREERTOS_Init) refers to freertos.o(.constdata) for .constdata
    freertos.o(i.MX_FREERTOS_Init) refers to freertos.o(.data) for .data
    freertos.o(i.StartDefaultTask) refers to ina240.o(i.INA240_Init) for INA240_Init
    freertos.o(i.StartDefaultTask) refers to motorpwm.o(i.MotorPWM_Init) for MotorPWM_Init
    freertos.o(i.StartDefaultTask) refers to motorpwm.o(i.MotorPWM_M0_HoldDuty) for MotorPWM_M0_HoldDuty
    freertos.o(i.StartDefaultTask) refers to noretval__2printf.o(.text) for __2printf
    freertos.o(i.StartDefaultTask) refers to cmsis_os.o(i.osDelay) for osDelay
    freertos.o(i.vApplicationGetIdleTaskMemory) refers to freertos.o(.bss) for .bss
    freertos.o(.constdata) refers to freertos.o(.conststring) for .conststring
    freertos.o(.constdata) refers to freertos.o(i.StartDefaultTask) for StartDefaultTask
[...]
    .ARM.Collect$$libinit$$00000023          0x08000162   Section        0  libinit2.o(.ARM.Collect$$libinit$$00000023)
    .ARM.Collect$$libinit$$00000025          0x08000162   Section        0  libinit2.o(.ARM.Collect$$libinit$$00000025)
    .ARM.Collect$$libinit$$0000002C          0x08000162   Section        0  libinit2.o(.ARM.Collect$$libinit$$0000002C)
    .ARM.Collect$$libinit$$0000002E          0x08000162   Section        0  libinit2.o(.ARM.Collect$$libinit$$0000002E)
    .ARM.Collect$$libinit$$00000030          0x08000162   Section        0  libinit2.o(.ARM.Collect$$libinit$$00000030)
    .ARM.Collect$$libinit$$00000032          0x08000162   Section        0  libinit2.o(.ARM.Collect$$libinit$$00000032)
    .ARM.Collect$$libinit$$00000033          0x08000162   Section        2  libinit2.o(.ARM.Collect$$libinit$$00000033)
    .ARM.Collect$$libshutdown$$00000000      0x08000164   Section        2  libshutdown.o(.ARM.Collect$$libshutdown$$00000000)
    .ARM.Collect$$libshutdown$$00000002      0x08000166   Section        0  libshutdown2.o(.ARM.Collect$$libshutdown$$00000002)
    .ARM.Collect$$libshutdown$$00000004      0x08000166   Section        0  libshutdown2.o(.ARM.Collect$$libshutdown$$00000004)
    .ARM.Collect$$libshutdown$$00000007      0x08000166   Section        0  libshutdown2.o(.ARM.Collect$$libshutdown$$00000007)
    .ARM.Collect$$libshutdown$$0000000A      0x08000166   Section        0  libshutdown2.o(.ARM.Collect$$libshutdown$$0000000A)
    .ARM.Collect$$libshutdown$$0000000C      0x08000166   Section        0  libshutdown2.o(.ARM.Collect$$libshutdown$$0000000C)
    .ARM.Collect$$libshutdown$$0000000F      0x08000166   Section        0  libshutdown2.o(.ARM.Collect$$libshutdown$$0000000F)
    .ARM.Collect$$libshutdown$$00000010      0x08000166   Section        2  libshutdown2.o(.ARM.Collect$$libshutdown$$00000010)
    .ARM.Collect$$rtentry$$00000000          0x08000168   Section        0  __rtentry.o(.ARM.Collect$$rtentry$$00000000)
    .ARM.Collect$$rtentry$$00000002          0x08000168   Section        0  __rtentry2.o(.ARM.Collect$$rtentry$$00000002)
    .ARM.Collect$$rtentry$$00000004          0x08000168   Section        6  __rtentry4.o(.ARM.Collect$$rtentry$$00000004)
    .ARM.Collect$$rtentry$$00000009          0x0800016e   Section        0  __rtentry2.o(.ARM.Collect$$rtentry$$00000009)
    .ARM.Collect$$rtentry$$0000000A          0x0800016e   Section        4  __rtentry2.o(.ARM.Collect$$rtentry$$0000000A)
    .ARM.Collect$$rtentry$$0000000C          0x08000172   Section        0  __rtentry2.o(.ARM.Collect$$rtentry$$0000000C)
    .ARM.Collect$$rtentry$$0000000D          0x08000172   Section        8  __rtentry2.o(.ARM.Collect$$rtentry$$0000000D)
    .ARM.Collect$$rtexit$$00000000           0x0800017a   Section        2  rtexit.o(.ARM.Collect$$rtexit$$00000000)
    .ARM.Collect$$rtexit$$00000002           0x0800017c   Section        0  rtexit2.o(.ARM.Collect$$rtexit$$00000002)
    .ARM.Collect$$rtexit$$00000003           0x0800017c   Section        4  rtexit2.o(.ARM.Collect$$rtexit$$00000003)
    .ARM.Collect$$rtexit$$00000004           0x08000180   Section        6  rtexit2.o(.ARM.Collect$$rtexit$$00000004)
    .emb_text                                0x08000188   Section      150  port.o(.emb_text)
    .text                                    0x08000220   Section       64  startup_stm32f103xb.o(.text)
    .text                                    0x08000260   Section        0  noretval__2printf.o(.text)
    .text                                    0x08000278   Section      100  rt_memcpy_w.o(.text)
    .text                                    0x080002dc   Section       78  rt_memclr_w.o(.text)
    .text                                    0x0800032a   Section        0  heapauxi.o(.text)
    .text                                    0x08000330   Section        0  _printf_char_file.o(.text)
    .text                                    0x08000354   Section        0  _printf_char_common.o(.text)
    _printf_input_char                       0x08000355   Thumb Code    10  _printf_char_common.o(.text)
    .text                                    0x08000384   Section        0  ferror.o(.text)
    .text                                    0x0800038c   Section       74  sys_stackheap_outer.o(.text)
    .text                                    0x080003d6   Section        0  __printf_nopercent.o(.text)
    .text                                    0x080003fe   Section        0  exit.o(.text)
    .text                                    0x08000410   Section        8  libspace.o(.text)
    .text                                    0x08000418   Section        0  sys_exit.o(.text)
    .text                                    0x08000424   Section        2  use_no_semi.o(.text)
    .text                                    0x08000426   Section        0  indicate_semi.o(.text)
    i.ADC_ConversionStop_Disable             0x08000428   Section        0  stm32f1xx_hal_adc.o(i.ADC_ConversionStop_Disable)
    i.ADC_Enable                             0x08000480   Section        0  stm32f1xx_hal_adc.o(i.ADC_Enable)
    i.BusFault_Handler                       0x080004fc   Section        0  stm32f1xx_it.o(i.BusFault_Handler)
    i.DebugMon_Handler                       0x080004fe   Section        0  stm32f1xx_it.o(i.DebugMon_Handler)
    i.Error_Handler                          0x08000500   Section        0  main.o(i.Error_Handler)
    i.HAL_ADCEx_Calibration_Start            0x08000504   Section        0  stm32f1xx_hal_adc_ex.o(i.HAL_ADCEx_Calibration_Start)
    i.HAL_ADC_ConfigChannel                  0x080005dc   Section        0  stm32f1xx_hal_adc.o(i.HAL_ADC_ConfigChannel)
    i.HAL_ADC_Init                           0x080006d8   Section        0  stm32f1xx_hal_adc.o(i.HAL_ADC_Init)
    i.HAL_ADC_MspInit                        0x080007f4   Section        0  adc.o(i.HAL_ADC_MspInit)
    i.HAL_CAN_Init                           0x0800086c   Section        0  stm32f1xx_hal_can.o(i.HAL_CAN_Init)
    i.HAL_CAN_MspInit                        0x08000988   Section        0  can.o(i.HAL_CAN_MspInit)
    i.HAL_GPIO_Init                          0x080009f4   Section        0  stm32f1xx_hal_gpio.o(i.HAL_GPIO_Init)
    i.HAL_GPIO_WritePin                      0x08000bd4   Section        0  stm32f1xx_hal_gpio.o(i.HAL_GPIO_WritePin)
    i.HAL_GetTick                            0x08000be0   Section        0  stm32f1xx_hal.o(i.HAL_GetTick)
    i.HAL_I2C_Init                           0x08000bec   Section        0  stm32f1xx_hal_i2c.o(i.HAL_I2C_Init)
    i.HAL_I2C_MspInit                        0x08000d74   Section        0  i2c.o(i.HAL_I2C_MspInit)
    i.HAL_IncTick                            0x08000e0c   Section        0  stm32f1xx_hal.o(i.HAL_IncTick)
    i.HAL_Init                               0x08000e1c   Section        0  stm32f1xx_hal.o(i.HAL_Init)
    i.HAL_InitTick                           0x08000e40   Section        0  stm32f1xx_hal_timebase_tim.o(i.HAL_InitTick)
    i.HAL_MspInit                            0x08000ed8   Section        0  stm32f1xx_hal_msp.o(i.HAL_MspInit)
    i.HAL_NVIC_EnableIRQ                     0x08000f20   Section        0  stm32f1xx_hal_cortex.o(i.HAL_NVIC_EnableIRQ)
    i.HAL_NVIC_SetPriority                   0x08000f3c   Section        0  stm32f1xx_hal_cortex.o(i.HAL_NVIC_SetPriority)
    i.HAL_NVIC_SetPriorityGrouping           0x08000f7c   Section        0  stm32f1xx_hal_cortex.o(i.HAL_NVIC_SetPriorityGrouping)
    i.HAL_RCCEx_GetPeriphCLKFreq             0x08000fa0   Section        0  stm32f1xx_hal_rcc_ex.o(i.HAL_RCCEx_GetPeriphCLKFreq)
    i.HAL_RCCEx_PeriphCLKConfig              0x08001044   Section        0  stm32f1xx_hal_rcc_ex.o(i.HAL_RCCEx_PeriphCLKConfig)
    i.HAL_RCC_ClockConfig                    0x08001130   Section        0  stm32f1xx_hal_rcc.o(i.HAL_RCC_ClockConfig)
    i.HAL_RCC_GetClockConfig                 0x0800125c   Section        0  stm32f1xx_hal_rcc.o(i.HAL_RCC_GetClockConfig)
    i.HAL_RCC_GetPCLK1Freq                   0x0800129c   Section        0  stm32f1xx_hal_rcc.o(i.HAL_RCC_GetPCLK1Freq)
    i.HAL_RCC_GetPCLK2Freq                   0x080012bc   Section        0  stm32f1xx_hal_rcc.o(i.HAL_RCC_GetPCLK2Freq)
    i.HAL_RCC_GetSysClockFreq                0x080012dc   Section        0  stm32f1xx_hal_rcc.o(i.HAL_RCC_GetSysClockFreq)
    i.HAL_RCC_OscConfig                      0x08001328   Section        0  stm32f1xx_hal_rcc.o(i.HAL_RCC_OscConfig)
    i.HAL_SPI_Init                           0x08001648   Section        0  stm32f1xx_hal_spi.o(i.HAL_SPI_Init)
    i.HAL_SPI_MspInit                        0x080016fc   Section        0  spi.o(i.HAL_SPI_MspInit)
    i.HAL_TIMEx_BreakCallback                0x08001770   Section        0  stm32f1xx_hal_tim_ex.o(i.HAL_TIMEx_BreakCallback)
    i.HAL_TIMEx_CommutCallback               0x08001772   Section        0  stm32f1xx_hal_tim_ex.o(i.HAL_TIMEx_CommutCallback)
    i.HAL_TIMEx_MasterConfigSynchronization  0x08001774   Section        0  stm32f1xx_hal_tim_ex.o(i.HAL_TIMEx_MasterConfigSynchronization)
    i.HAL_TIM_Base_Init                      0x080017dc   Section        0  stm32f1xx_hal_tim.o(i.HAL_TIM_Base_Init)
    i.HAL_TIM_Base_MspInit                   0x08001838   Section        0  tim.o(i.HAL_TIM_Base_MspInit)
    i.HAL_TIM_Base_Start_IT                  0x08001860   Section        0  stm32f1xx_hal_tim.o(i.HAL_TIM_Base_Start_IT)
    i.HAL_TIM_ConfigClockSource              0x080018b8   Section        0  stm32f1xx_hal_tim.o(i.HAL_TIM_ConfigClockSource)
    i.HAL_TIM_IC_CaptureCallback             0x08001994   Section        0  stm32f1xx_hal_tim.o(i.HAL_TIM_IC_CaptureCallback)
    i.HAL_TIM_IRQHandler                     0x08001996   Section        0  stm32f1xx_hal_tim.o(i.HAL_TIM_IRQHandler)
    i.HAL_TIM_MspPostInit                    0x08001ac8   Section        0  tim.o(i.HAL_TIM_MspPostInit)
    i.HAL_TIM_OC_DelayElapsedCallback        0x08001b3c   Section        0  stm32f1xx_hal_tim.o(i.HAL_TIM_OC_DelayElapsedCallback)
    i.HAL_TIM_PWM_ConfigChannel              0x08001b3e   Section        0  stm32f1xx_hal_tim.o(i.HAL_TIM_PWM_ConfigChannel)
    i.HAL_TIM_PWM_Init                       0x08001c0a   Section        0  stm32f1xx_hal_tim.o(i.HAL_TIM_PWM_Init)
    i.HAL_TIM_PWM_MspInit                    0x08001c64   Section        0  tim.o(i.HAL_TIM_PWM_MspInit)
    i.HAL_TIM_PWM_PulseFinishedCallback      0x08001ca0   Section        0  stm32f1xx_hal_tim.o(i.HAL_TIM_PWM_PulseFinishedCallback)
    i.HAL_TIM_PWM_Start                      0x08001ca4   Section        0  stm32f1xx_hal_tim.o(i.HAL_TIM_PWM_Start)
    i.HAL_TIM_PeriodElapsedCallback          0x08001d40   Section        0  main.o(i.HAL_TIM_PeriodElapsedCallback)
    i.HAL_TIM_TriggerCallback                0x08001d54   Section        0  stm32f1xx_hal_tim.o(i.HAL_TIM_TriggerCallback)
    i.HAL_UART_Init                          0x08001d56   Section        0  stm32f1xx_hal_uart.o(i.HAL_UART_Init)
    i.HAL_UART_MspInit                       0x08001dbc   Section        0  usart.o(i.HAL_UART_MspInit)
    i.HAL_UART_Transmit                      0x08001e2c   Section        0  stm32f1xx_hal_uart.o(i.HAL_UART_Transmit)
    i.HardFault_Handler                      0x08001ecc   Section        0  stm32f1xx_it.o(i.HardFault_Handler)
    i.INA240_Init                            0x08001ed0   Section        0  ina240.o(i.INA240_Init)
    i.MX_ADC1_Init                           0x08001edc   Section        0  adc.o(i.MX_ADC1_Init)
    i.MX_CAN_Init                            0x08001f2c   Section        0  can.o(i.MX_CAN_Init)
    i.MX_FREERTOS_Init                       0x08001f68   Section        0  freertos.o(i.MX_FREERTOS_Init)
    i.MX_GPIO_Init                           0x08001f90   Section        0  gpio.o(i.MX_GPIO_Init)
    i.MX_I2C1_Init                           0x08002010   Section        0  i2c.o(i.MX_I2C1_Init)
    i.MX_I2C2_Init                           0x08002050   Section        0  i2c.o(i.MX_I2C2_Init)
    i.MX_SPI2_Init                           0x08002090   Section        0  spi.o(i.MX_SPI2_Init)
    i.MX_TIM1_Init                           0x080020d4   Section        0  tim.o(i.MX_TIM1_Init)
    i.MX_TIM2_Init                           0x0800213c   Section        0  tim.o(i.MX_TIM2_Init)
    i.MX_TIM3_Init                           0x080021e4   Section        0  tim.o(i.MX_TIM3_Init)
    i.MX_USART1_UART_Init                    0x08002270   Section        0  usart.o(i.MX_USART1_UART_Init)
    i.MemManage_Handler                      0x080022a8   Section        0  stm32f1xx_it.o(i.MemManage_Handler)
    i.MotorPWM_DutyToCcr                     0x080022ac   Section        0  motorpwm.o(i.MotorPWM_DutyToCcr)
    MotorPWM_DutyToCcr                       0x080022ad   Thumb Code    44  motorpwm.o(i.MotorPWM_DutyToCcr)
    i.MotorPWM_Init                          0x080022dc   Section        0  motorpwm.o(i.MotorPWM_Init)
    i.MotorPWM_M0_HoldDuty                   0x08002384   Section        0  motorpwm.o(i.MotorPWM_M0_HoldDuty)
    i.MotorPWM_SetDuty                       0x080023b0   Section        0  motorpwm.o(i.MotorPWM_SetDuty)
    i.MotorPWM_StopAll                       0x08002400   Section        0  motorpwm.o(i.MotorPWM_StopAll)
    i.NMI_Handler                            0x0800242c   Section        0  stm32f1xx_it.o(i.NMI_Handler)
    i.StartDefaultTask                       0x08002430   Section        0  freertos.o(i.StartDefaultTask)
    i.SysTick_Handler                        0x0800250c   Section        0  port.o(i.SysTick_Handler)
    i.SystemClock_Config                     0x08002538   Section        0  main.o(i.SystemClock_Config)
    i.SystemInit                             0x080025b0   Section        0  system_stm32f1xx.o(i.SystemInit)
    i.TIM4_IRQHandler                        0x080025b4   Section        0  stm32f1xx_it.o(i.TIM4_IRQHandler)
    i.TIM_Base_SetConfig                     0x080025c0   Section        0  stm32f1xx_hal_tim.o(i.TIM_Base_SetConfig)
    i.TIM_CCxChannelCmd                      0x08002638   Section        0  stm32f1xx_hal_tim.o(i.TIM_CCxChannelCmd)
    i.TIM_ETR_SetConfig                      0x08002652   Section        0  stm32f1xx_hal_tim.o(i.TIM_ETR_SetConfig)
    i.TIM_ITRx_SetConfig                     0x08002666   Section        0  stm32f1xx_hal_tim.o(i.TIM_ITRx_SetConfig)
    TIM_ITRx_SetConfig                       0x08002667   Thumb Code    16  stm32f1xx_hal_tim.o(i.TIM_ITRx_SetConfig)
    i.TIM_OC1_SetConfig                      0x08002678   Section        0  stm32f1xx_hal_tim.o(i.TIM_OC1_SetConfig)
    TIM_OC1_SetConfig                        0x08002679   Thumb Code    74  stm32f1xx_hal_tim.o(i.TIM_OC1_SetConfig)
    i.TIM_OC2_SetConfig                      0x080026c8   Section        0  stm32f1xx_hal_tim.o(i.TIM_OC2_SetConfig)
    i.TIM_OC3_SetConfig                      0x08002720   Section        0  stm32f1xx_hal_tim.o(i.TIM_OC3_SetConfig)
    TIM_OC3_SetConfig                        0x08002721   Thumb Code    82  stm32f1xx_hal_tim.o(i.TIM_OC3_SetConfig)
    i.TIM_OC4_SetConfig                      0x08002778   Section        0  stm32f1xx_hal_tim.o(i.TIM_OC4_SetConfig)
    TIM_OC4_SetConfig                        0x08002779   Thumb Code    64  stm32f1xx_hal_tim.o(i.TIM_OC4_SetConfig)
    i.TIM_TI1_ConfigInputStage               0x080027bc   Section        0  stm32f1xx_hal_tim.o(i.TIM_TI1_ConfigInputStage)
    TIM_TI1_ConfigInputStage                 0x080027bd   Thumb Code    34  stm32f1xx_hal_tim.o(i.TIM_TI1_ConfigInputStage)
    i.TIM_TI2_ConfigInputStage               0x080027de   Section        0  stm32f1xx_hal_tim.o(i.TIM_TI2_ConfigInputStage)
    TIM_TI2_ConfigInputStage                 0x080027df   Thumb Code    36  stm32f1xx_hal_tim.o(i.TIM_TI2_ConfigInputStage)
    i.UART_EndRxTransfer                     0x08002802   Section        0  stm32f1xx_hal_uart.o(i.UART_EndRxTransfer)
    UART_EndRxTransfer                       0x08002803   Thumb Code    78  stm32f1xx_hal_uart.o(i.UART_EndRxTransfer)
    i.UART_SetConfig                         0x08002850   Section        0  stm32f1xx_hal_uart.o(i.UART_SetConfig)
    UART_SetConfig                           0x08002851   Thumb Code   178  stm32f1xx_hal_uart.o(i.UART_SetConfig)
    i.UART_WaitOnFlagUntilTimeout            0x08002908   Section        0  stm32f1xx_hal_uart.o(i.UART_WaitOnFlagUntilTimeout)
    UART_WaitOnFlagUntilTimeout              0x08002909   Thumb Code   114  stm32f1xx_hal_uart.o(i.UART_WaitOnFlagUntilTimeout)
    i.UsageFault_Handler                     0x0800297a   Section        0  stm32f1xx_it.o(i.UsageFault_Handler)
    i.__NVIC_SetPriority                     0x0800297c   Section        0  stm32f1xx_hal_cortex.o(i.__NVIC_SetPriority)
    __NVIC_SetPriority                       0x0800297d   Thumb Code    32  stm32f1xx_hal_cortex.o(i.__NVIC_SetPriority)
    i.fputc                                  0x0800299c   Section        0  main.o(i.fputc)
    i.main                                   0x080029b4   Section        0  main.o(i.main)
    i.makeFreeRtosPriority                   0x08002a08   Section        0  cmsis_os.o(i.makeFreeRtosPriority)
    makeFreeRtosPriority                     0x08002a09   Thumb Code    12  cmsis_os.o(i.makeFreeRtosPriority)
    i.osDelay                                0x08002a14   Section        0  cmsis_os.o(i.osDelay)
    i.osKernelStart                          0x08002a22   Section        0  cmsis_os.o(i.osKernelStart)
    i.osThreadCreate                         0x08002a2c   Section        0  cmsis_os.o(i.osThreadCreate)
    i.prvAddCurrentTaskToDelayedList         0x08002a80   Section        0  tasks.o(i.prvAddCurrentTaskToDelayedList)
    prvAddCurrentTaskToDelayedList           0x08002a81   Thumb Code   102  tasks.o(i.prvAddCurrentTaskToDelayedList)
    i.prvAddNewTaskToReadyList               0x08002af0   Section        0  tasks.o(i.prvAddNewTaskToReadyList)
    prvAddNewTaskToReadyList                 0x08002af1   Thumb Code   194  tasks.o(i.prvAddNewTaskToReadyList)
    i.prvDeleteTCB                           0x08002bc0   Section        0  tasks.o(i.prvDeleteTCB)
    prvDeleteTCB                             0x08002bc1   Thumb Code    52  tasks.o(i.prvDeleteTCB)
    i.prvHeapInit                            0x08002bf4   Section        0  heap_4.o(i.prvHeapInit)
    prvHeapInit                              0x08002bf5   Thumb Code    66  heap_4.o(i.prvHeapInit)
    i.prvIdleTask                            0x08002c40   Section        0  tasks.o(i.prvIdleTask)
    prvIdleTask                              0x08002c41   Thumb Code    82  tasks.o(i.prvIdleTask)
    i.prvInitialiseNewTask                   0x08002ca0   Section        0  tasks.o(i.prvInitialiseNewTask)
    prvInitialiseNewTask                     0x08002ca1   Thumb Code   152  tasks.o(i.prvInitialiseNewTask)
    i.prvInsertBlockIntoFreeList             0x08002d38   Section        0  heap_4.o(i.prvInsertBlockIntoFreeList)
    prvInsertBlockIntoFreeList               0x08002d39   Thumb Code    72  heap_4.o(i.prvInsertBlockIntoFreeList)
    i.prvResetNextTaskUnblockTime            0x08002d84   Section        0  tasks.o(i.prvResetNextTaskUnblockTime)
    prvResetNextTaskUnblockTime              0x08002d85   Thumb Code    26  tasks.o(i.prvResetNextTaskUnblockTime)
    i.prvTaskExitError                       0x08002da4   Section        0  port.o(i.prvTaskExitError)
    prvTaskExitError                         0x08002da5   Thumb Code    36  port.o(i.prvTaskExitError)
    i.pvPortMalloc                           0x08002dcc   Section        0  heap_4.o(i.pvPortMalloc)
    i.pxPortInitialiseStack                  0x08002ea8   Section        0  port.o(i.pxPortInitialiseStack)
    i.uxListRemove                           0x08002ecc   Section        0  list.o(i.uxListRemove)
    i.vApplicationGetIdleTaskMemory          0x08002ef4   Section        0  freertos.o(i.vApplicationGetIdleTaskMemory)
    i.vListInitialise                        0x08002f08   Section        0  list.o(i.vListInitialise)
    i.vListInitialiseItem                    0x08002f1e   Section        0  list.o(i.vListInitialiseItem)
    i.vListInsert                            0x08002f24   Section        0  list.o(i.vListInsert)
    i.vListInsertEnd                         0x08002f54   Section        0  list.o(i.vListInsertEnd)
    i.vPortEnterCritical                     0x08002f6c   Section        0  port.o(i.vPortEnterCritical)
    i.vPortExitCritical                      0x08002fac   Section        0  port.o(i.vPortExitCritical)
    i.vPortFree                              0x08002fd4   Section        0  heap_4.o(i.vPortFree)
    i.vPortSetupTimerInterrupt               0x08003038   Section        0  port.o(i.vPortSetupTimerInterrupt)
    i.vTaskDelay                             0x0800305c   Section        0  tasks.o(i.vTaskDelay)
    i.vTaskStartScheduler                    0x080030a8   Section        0  tasks.o(i.vTaskStartScheduler)
    i.vTaskSuspendAll                        0x08003114   Section        0  tasks.o(i.vTaskSuspendAll)
    i.vTaskSwitchContext                     0x08003124   Section        0  tasks.o(i.vTaskSwitchContext)
    i.xPortStartScheduler                    0x08003180   Section        0  port.o(i.xPortStartScheduler)
    i.xTaskCreate                            0x08003228   Section        0  tasks.o(i.xTaskCreate)
    i.xTaskCreateStatic                      0x08003282   Section        0  tasks.o(i.xTaskCreateStatic)
    i.xTaskIncrementTick                     0x080032d8   Section        0  tasks.o(i.xTaskIncrementTick)
    i.xTaskResumeAll                         0x080033a4   Section        0  tasks.o(i.xTaskResumeAll)
    x$fpl$fadd                               0x08003468   Section      196  faddsub_clz.o(x$fpl$fadd)
    _fadd1                                   0x08003477   Thumb Code     0  faddsub_clz.o(x$fpl$fadd)
    x$fpl$ffixu                              0x0800352c   Section       62  ffixu.o(x$fpl$ffixu)
    x$fpl$fmul                               0x0800356c   Section      258  fmul.o(x$fpl$fmul)
    x$fpl$fnaninf                            0x0800366e   Section      140  fnaninf.o(x$fpl$fnaninf)
    x$fpl$fretinf                            0x080036fa   Section       10  fretinf.o(x$fpl$fretinf)
    x$fpl$fsub                               0x08003704   Section      234  faddsub_clz.o(x$fpl$fsub)
    _fsub1                                   0x08003713   Thumb Code     0  faddsub_clz.o(x$fpl$fsub)
    x$fpl$usenofp                            0x080037ee   Section        0  usenofp.o(x$fpl$usenofp)
    .constdata                               0x080037f0   Section       28  freertos.o(.constdata)
    .constdata                               0x0800380c   Section       18  stm32f1xx_hal_rcc.o(.constdata)
    aPredivFactorTable                       0x0800380c   Data           2  stm32f1xx_hal_rcc.o(.constdata)
    aPLLMULFactorTable                       0x0800380e   Data          16  stm32f1xx_hal_rcc.o(.constdata)
    .constdata                               0x0800381e   Section       18  stm32f1xx_hal_rcc_ex.o(.constdata)
    aPredivFactorTable                       0x0800381e   Data           2  stm32f1xx_hal_rcc_ex.o(.constdata)
    aPLLMULFactorTable                       0x08003820   Data          16  stm32f1xx_hal_rcc_ex.o(.constdata)
    .constdata                               0x08003830   Section       16  system_stm32f1xx.o(.constdata)
    .constdata                               0x08003840   Section        8  system_stm32f1xx.o(.constdata)
    .conststring                             0x08003848   Section       12  freertos.o(.conststring)
    .data                                    0x20000000   Section        4  main.o(.data)
    .data                                    0x20000004   Section        4  freertos.o(.data)
    .data                                    0x20000008   Section       12  motorpwm.o(.data)
    s_ol_sector                              0x20000008   Data           1  motorpwm.o(.data)
    s_ol_enable                              0x20000009   Data           1  motorpwm.o(.data)
    s_ol_amp                                 0x2000000c   Data           4  motorpwm.o(.data)
    s_ol_hold_t                              0x20000010   Data           4  motorpwm.o(.data)
    .data                                    0x20000014   Section       12  stm32f1xx_hal.o(.data)
    .data                                    0x20000020   Section        4  system_stm32f1xx.o(.data)
    .data                                    0x20000024   Section       60  tasks.o(.data)
    uxDeletedTasksWaitingCleanUp             0x20000028   Data           4  tasks.o(.data)
    uxCurrentNumberOfTasks                   0x2000002c   Data           4  tasks.o(.data)
    xTickCount                               0x20000030   Data           4  tasks.o(.data)
    uxTopReadyPriority                       0x20000034   Data           4  tasks.o(.data)
    xSchedulerRunning                        0x20000038   Data           4  tasks.o(.data)
    xPendedTicks                             0x2000003c   Data           4  tasks.o(.data)
    xYieldPending                            0x20000040   Data           4  tasks.o(.data)
    xNumOfOverflows                          0x20000044   Data           4  tasks.o(.data)
    uxTaskNumber                             0x20000048   Data           4  tasks.o(.data)
    xNextTaskUnblockTime                     0x2000004c   Data           4  tasks.o(.data)
    xIdleTaskHandle                          0x20000050   Data           4  tasks.o(.data)
    uxSchedulerSuspended                     0x20000054   Data           4  tasks.o(.data)
    pxDelayedTaskList                        0x20000058   Data           4  tasks.o(.data)
    pxOverflowDelayedTaskList                0x2000005c   Data           4  tasks.o(.data)
    .data                                    0x20000060   Section       32  heap_4.o(.data)
    pxEnd                                    0x20000060   Data           4  heap_4.o(.data)
    xFreeBytesRemaining                      0x20000064   Data           4  heap_4.o(.data)
    xMinimumEverFreeBytesRemaining           0x20000068   Data           4  heap_4.o(.data)
    xNumberOfSuccessfulAllocations           0x2000006c   Data           4  heap_4.o(.data)
    xNumberOfSuccessfulFrees                 0x20000070   Data           4  heap_4.o(.data)
    xBlockAllocatedBit                       0x20000074   Data           4  heap_4.o(.data)
    xStart                                   0x20000078   Data           8  heap_4.o(.data)
    .data                                    0x20000080   Section       12  port.o(.data)
    ucMaxSysCallPriority                     0x20000080   Data           1  port.o(.data)
    uxCriticalNesting                        0x20000084   Data           4  port.o(.data)
    ulMaxPRIGROUPValue                       0x20000088   Data           4  port.o(.data)
    .bss                                     0x2000008c   Section      596  freertos.o(.bss)
    xIdleTaskTCBBuffer                       0x2000008c   Data          84  freertos.o(.bss)
    xIdleStack                               0x200000e0   Data         512  freertos.o(.bss)
    .bss                                     0x200002e0   Section       48  adc.o(.bss)
    .bss                                     0x20000310   Section       40  can.o(.bss)
    .bss                                     0x20000338   Section      168  i2c.o(.bss)
    .bss                                     0x200003e0   Section       88  spi.o(.bss)
    .bss                                     0x20000438   Section      216  tim.o(.bss)
    .bss                                     0x20000510   Section       72  usart.o(.bss)
    .bss                                     0x20000558   Section       72  stm32f1xx_hal_timebase_tim.o(.bss)
    .bss                                     0x200005a0   Section      240  tasks.o(.bss)
    pxReadyTasksLists                        0x200005a0   Data         140  tasks.o(.bss)
    xDelayedTaskList1                        0x2000062c   Data          20  tasks.o(.bss)
    xDelayedTaskList2                        0x20000640   Data          20  tasks.o(.bss)
    xPendingReadyList                        0x20000654   Data          20  tasks.o(.bss)
    xTasksWaitingTermination                 0x20000668   Data          20  tasks.o(.bss)
    xSuspendedTaskList                       0x2000067c   Data          20  tasks.o(.bss)
    .bss                                     0x20000690   Section     3072  heap_4.o(.bss)
    ucHeap                                   0x20000690   Data        3072  heap_4.o(.bss)
    .bss                                     0x20001290   Section       96  libspace.o(.bss)
    HEAP                                     0x200012f0   Section      512  startup_stm32f103xb.o(HEAP)
    Heap_Mem                                 0x200012f0   Data         512  startup_stm32f103xb.o(HEAP)
    STACK                                    0x200014f0   Section     1024  startup_stm32f103xb.o(STACK)
    Stack_Mem                                0x200014f0   Data        1024  startup_stm32f103xb.o(STACK)
    __initial_sp                             0x200018f0   Data           0  startup_stm32f103xb.o(STACK)

    Global Symbols

    Symbol Name                              Value     Ov Type        Size  Object(Section)

    BuildAttributes$$THM_ISAv4$P$D$K$B$S$PE$A:L22UL41UL21$X:L11$S22US41US21$IEEE1$IW$USESV6$~STKCKD$USESV7$~SHL$OSPACE$ROPI$EBA8$UX$STANDARDLIB$REQ8$PRES8$EABIv2 0x00000000   Number         0  anon$$obj.o ABSOLUTE
    __ARM_use_no_argv                        0x00000000   Number         0  main.o ABSOLUTE
    __ARM_exceptions_init                     - Undefined Weak Reference
    __alloca_initialize                       - Undefined Weak Reference
    __arm_preinit_                            - Undefined Weak Reference
    __cpp_initialize__aeabi_                  - Undefined Weak Reference
    __cxa_finalize                            - Undefined Weak Reference
    __rt_locale                               - Undefined Weak Reference
    __sigvec_lookup                           - Undefined Weak Reference
    _atexit_init                              - Undefined Weak Reference
    _call_atexit_fns                          - Undefined Weak Reference
    _clock_init                               - Undefined Weak Reference
    _fp_trap_init                             - Undefined Weak Reference
    _fp_trap_shutdown                         - Undefined Weak Reference
    _get_lc_collate                           - Undefined Weak Reference
    _get_lc_ctype                             - Undefined Weak Reference
    _get_lc_monetary                          - Undefined Weak Reference
    _get_lc_numeric                           - Undefined Weak Reference
    _get_lc_time                              - Undefined Weak Reference
    _getenv_init                              - Undefined Weak Reference
    _handle_redirection                       - Undefined Weak Reference
    _init_alloc                               - Undefined Weak Reference
    _init_user_alloc                          - Undefined Weak Reference
    _initio                                   - Undefined Weak Reference
    _mutex_acquire                            - Undefined Weak Reference
    _mutex_release                            - Undefined Weak Reference
    _rand_init                                - Undefined Weak Reference
    _signal_finish                            - Undefined Weak Reference
    _signal_init                              - Undefined Weak Reference
    _terminate_alloc                          - Undefined Weak Reference
    _terminate_user_alloc                     - Undefined Weak Reference
    _terminateio                              - Undefined Weak Reference
    __Vectors_Size                           0x000000ec   Number         0  startup_stm32f103xb.o ABSOLUTE
    __Vectors                                0x08000000   Data           4  startup_stm32f103xb.o(RESET)
    __Vectors_End                            0x080000ec   Data           0  startup_stm32f103xb.o(RESET)
    __main                                   0x080000ed   Thumb Code     8  __main.o(!!!main)
    __scatterload                            0x080000f5   Thumb Code     0  __scatter.o(!!!scatter)
    __scatterload_rt2                        0x080000f5   Thumb Code    44  __scatter.o(!!!scatter)
    __scatterload_rt2_thumb_only             0x080000f5   Thumb Code     0  __scatter.o(!!!scatter)
    __scatterload_null                       0x08000103   Thumb Code     0  __scatter.o(!!!scatter)
    __scatterload_copy                       0x08000129   Thumb Code    26  __scatter_copy.o(!!handler_copy)
    __scatterload_zeroinit                   0x08000145   Thumb Code    28  __scatter_zi.o(!!handler_zi)
    __rt_lib_init                            0x08000161   Thumb Code     0  libinit.o(.ARM.Collect$$libinit$$00000000)
    __rt_lib_init_alloca_1                   0x08000163   Thumb Code     0  libinit2.o(.ARM.Collect$$libinit$$0000002E)
    __rt_lib_init_argv_1                     0x08000163   Thumb Code     0  libinit2.o(.ARM.Collect$$libinit$$0000002C)
    __rt_lib_init_atexit_1                   0x08000163   Thumb Code     0  libinit2.o(.ARM.Collect$$libinit$$0000001B)
    __rt_lib_init_clock_1                    0x08000163   Thumb Code     0  libinit2.o(.ARM.Collect$$libinit$$00000021)
    __rt_lib_init_cpp_1                      0x08000163   Thumb Code     0  libinit2.o(.ARM.Collect$$libinit$$00000032)
    __rt_lib_init_exceptions_1               0x08000163   Thumb Code     0  libinit2.o(.ARM.Collect$$libinit$$00000030)
    __rt_lib_init_fp_1                       0x08000163   Thumb Code     0  libinit2.o(.ARM.Collect$$libinit$$00000002)
    __rt_lib_init_fp_trap_1                  0x08000163   Thumb Code     0  libinit2.o(.ARM.Collect$$libinit$$0000001F)
    __rt_lib_init_getenv_1                   0x08000163   Thumb Code     0  libinit2.o(.ARM.Collect$$libinit$$00000023)
    __rt_lib_init_heap_1                     0x08000163   Thumb Code     0  libinit2.o(.ARM.Collect$$libinit$$0000000A)
    __rt_lib_init_lc_collate_1               0x08000163   Thumb Code     0  libinit2.o(.ARM.Collect$$libinit$$00000011)
    __rt_lib_init_lc_ctype_1                 0x08000163   Thumb Code     0  libinit2.o(.ARM.Collect$$libinit$$00000013)
    __rt_lib_init_lc_monetary_1              0x08000163   Thumb Code     0  libinit2.o(.ARM.Collect$$libinit$$00000015)
    __rt_lib_init_lc_numeric_1               0x08000163   Thumb Code     0  libinit2.o(.ARM.Collect$$libinit$$00000017)
    __rt_lib_init_lc_time_1                  0x08000163   Thumb Code     0  libinit2.o(.ARM.Collect$$libinit$$00000019)
    __rt_lib_init_preinit_1                  0x08000163   Thumb Code     0  libinit2.o(.ARM.Collect$$libinit$$00000004)
    __rt_lib_init_rand_1                     0x08000163   Thumb Code     0  libinit2.o(.ARM.Collect$$libinit$$0000000E)
    __rt_lib_init_return                     0x08000163   Thumb Code     0  libinit2.o(.ARM.Collect$$libinit$$00000033)
    __rt_lib_init_signal_1                   0x08000163   Thumb Code     0  libinit2.o(.ARM.Collect$$libinit$$0000001D)
    __rt_lib_init_stdio_1                    0x08000163   Thumb Code     0  libinit2.o(.ARM.Collect$$libinit$$00000025)
    __rt_lib_init_user_alloc_1               0x08000163   Thumb Code     0  libinit2.o(.ARM.Collect$$libinit$$0000000C)
    __rt_lib_shutdown                        0x08000165   Thumb Code     0  libshutdown.o(.ARM.Collect$$libshutdown$$00000000)
    __rt_lib_shutdown_cpp_1                  0x08000167   Thumb Code     0  libshutdown2.o(.ARM.Collect$$libshutdown$$00000002)
    __rt_lib_shutdown_fp_trap_1              0x08000167   Thumb Code     0  libshutdown2.o(.ARM.Collect$$libshutdown$$00000007)
    __rt_lib_shutdown_heap_1                 0x08000167   Thumb Code     0  libshutdown2.o(.ARM.Collect$$libshutdown$$0000000F)
    __rt_lib_shutdown_return                 0x08000167   Thumb Code     0  libshutdown2.o(.ARM.Collect$$libshutdown$$00000010)
    __rt_lib_shutdown_signal_1               0x08000167   Thumb Code     0  libshutdown2.o(.ARM.Collect$$libshutdown$$0000000A)
    __rt_lib_shutdown_stdio_1                0x08000167   Thumb Code     0  libshutdown2.o(.ARM.Collect$$libshutdown$$00000004)
    __rt_lib_shutdown_user_alloc_1           0x08000167   Thumb Code     0  libshutdown2.o(.ARM.Collect$$libshutdown$$0000000C)
    __rt_entry                               0x08000169   Thumb Code     0  __rtentry.o(.ARM.Collect$$rtentry$$00000000)
    __rt_entry_presh_1                       0x08000169   Thumb Code     0  __rtentry2.o(.ARM.Collect$$rtentry$$00000002)
    __rt_entry_sh                            0x08000169   Thumb Code     0  __rtentry4.o(.ARM.Collect$$rtentry$$00000004)
    __rt_entry_li                            0x0800016f   Thumb Code     0  __rtentry2.o(.ARM.Collect$$rtentry$$0000000A)
    __rt_entry_postsh_1                      0x0800016f   Thumb Code     0  __rtentry2.o(.ARM.Collect$$rtentry$$00000009)
    __rt_entry_main                          0x08000173   Thumb Code     0  __rtentry2.o(.ARM.Collect$$rtentry$$0000000D)
    __rt_entry_postli_1                      0x08000173   Thumb Code     0  __rtentry2.o(.ARM.Collect$$rtentry$$0000000C)
    __rt_exit                                0x0800017b   Thumb Code     0  rtexit.o(.ARM.Collect$$rtexit$$00000000)
    __rt_exit_ls                             0x0800017d   Thumb Code     0  rtexit2.o(.ARM.Collect$$rtexit$$00000003)
    __rt_exit_prels_1                        0x0800017d   Thumb Code     0  rtexit2.o(.ARM.Collect$$rtexit$$00000002)
    __rt_exit_exit                           0x08000181   Thumb Code     0  rtexit2.o(.ARM.Collect$$rtexit$$00000004)
    SVC_Handler                              0x08000189   Thumb Code    32  port.o(.emb_text)
    __asm___6_port_c_39a90d8d__prvStartFirstTask 0x080001ad   Thumb Code    28  port.o(.emb_text)
    PendSV_Handler                           0x080001cd   Thumb Code    72  port.o(.emb_text)
    vPortGetIPSR                             0x08000219   Thumb Code     6  port.o(.emb_text)
    Reset_Handler                            0x08000221   Thumb Code     8  startup_stm32f103xb.o(.text)
    ADC1_2_IRQHandler                        0x0800023b   Thumb Code     0  startup_stm32f103xb.o(.text)
    CAN1_RX1_IRQHandler                      0x0800023b   Thumb Code     0  startup_stm32f103xb.o(.text)
    CAN1_SCE_IRQHandler                      0x0800023b   Thumb Code     0  startup_stm32f103xb.o(.text)
    DMA1_Channel1_IRQHandler                 0x0800023b   Thumb Code     0  startup_stm32f103xb.o(.text)
    DMA1_Channel2_IRQHandler                 0x0800023b   Thumb Code     0  startup_stm32f103xb.o(.text)
    DMA1_Channel3_IRQHandler                 0x0800023b   Thumb Code     0  startup_stm32f103xb.o(.text)
    DMA1_Channel4_IRQHandler                 0x0800023b   Thumb Code     0  startup_stm32f103xb.o(.text)
    DMA1_Channel5_IRQHandler                 0x0800023b   Thumb Code     0  startup_stm32f103xb.o(.text)
    DMA1_Channel6_IRQHandler                 0x0800023b   Thumb Code     0  startup_stm32f103xb.o(.text)
    DMA1_Channel7_IRQHandler                 0x0800023b   Thumb Code     0  startup_stm32f103xb.o(.text)
    EXTI0_IRQHandler                         0x0800023b   Thumb Code     0  startup_stm32f103xb.o(.text)
    EXTI15_10_IRQHandler                     0x0800023b   Thumb Code     0  startup_stm32f103xb.o(.text)
    EXTI1_IRQHandler                         0x0800023b   Thumb Code     0  startup_stm32f103xb.o(.text)
    EXTI2_IRQHandler                         0x0800023b   Thumb Code     0  startup_stm32f103xb.o(.text)
    EXTI3_IRQHandler                         0x0800023b   Thumb Code     0  startup_stm32f103xb.o(.text)
    EXTI4_IRQHandler                         0x0800023b   Thumb Code     0  startup_stm32f103xb.o(.text)
    EXTI9_5_IRQHandler                       0x0800023b   Thumb Code     0  startup_stm32f103xb.o(.text)
    FLASH_IRQHandler                         0x0800023b   Thumb Code     0  startup_stm32f103xb.o(.text)
    I2C1_ER_IRQHandler                       0x0800023b   Thumb Code     0  startup_stm32f103xb.o(.text)
    I2C1_EV_IRQHandler                       0x0800023b   Thumb Code     0  startup_stm32f103xb.o(.text)
    I2C2_ER_IRQHandler                       0x0800023b   Thumb Code     0  startup_stm32f103xb.o(.text)
    I2C2_EV_IRQHandler                       0x0800023b   Thumb Code     0  startup_stm32f103xb.o(.text)
    PVD_IRQHandler                           0x0800023b   Thumb Code     0  startup_stm32f103xb.o(.text)
    RCC_IRQHandler                           0x0800023b   Thumb Code     0  startup_stm32f103xb.o(.text)
    RTC_Alarm_IRQHandler                     0x0800023b   Thumb Code     0  startup_stm32f103xb.o(.text)
    RTC_IRQHandler                           0x0800023b   Thumb Code     0  startup_stm32f103xb.o(.text)
    SPI1_IRQHandler                          0x0800023b   Thumb Code     0  startup_stm32f103xb.o(.text)
    SPI2_IRQHandler                          0x0800023b   Thumb Code     0  startup_stm32f103xb.o(.text)
    TAMPER_IRQHandler                        0x0800023b   Thumb Code     0  startup_stm32f103xb.o(.text)
    TIM1_BRK_IRQHandler                      0x0800023b   Thumb Code     0  startup_stm32f103xb.o(.text)
    TIM1_CC_IRQHandler                       0x0800023b   Thumb Code     0  startup_stm32f103xb.o(.text)
    TIM1_TRG_COM_IRQHandler                  0x0800023b   Thumb Code     0  startup_stm32f103xb.o(.text)
    TIM1_UP_IRQHandler                       0x0800023b   Thumb Code     0  startup_stm32f103xb.o(.text)
    TIM2_IRQHandler                          0x0800023b   Thumb Code     0  startup_stm32f103xb.o(.text)
    TIM3_IRQHandler                          0x0800023b   Thumb Code     0  startup_stm32f103xb.o(.text)
    USART1_IRQHandler                        0x0800023b   Thumb Code     0  startup_stm32f103xb.o(.text)
    USART2_IRQHandler                        0x0800023b   Thumb Code     0  startup_stm32f103xb.o(.text)
    USART3_IRQHandler                        0x0800023b   Thumb Code     0  startup_stm32f103xb.o(.text)
    USBWakeUp_IRQHandler                     0x0800023b   Thumb Code     0  startup_stm32f103xb.o(.text)
    USB_HP_CAN1_TX_IRQHandler                0x0800023b   Thumb Code     0  startup_stm32f103xb.o(.text)
    USB_LP_CAN1_RX0_IRQHandler               0x0800023b   Thumb Code     0  startup_stm32f103xb.o(.text)
    WWDG_IRQHandler                          0x0800023b   Thumb Code     0  startup_stm32f103xb.o(.text)
    __user_initial_stackheap                 0x0800023d   Thumb Code     0  startup_stm32f103xb.o(.text)
    __2printf                                0x08000261   Thumb Code    20  noretval__2printf.o(.text)
    __aeabi_memcpy4                          0x08000279   Thumb Code     0  rt_memcpy_w.o(.text)
    __aeabi_memcpy8                          0x08000279   Thumb Code     0  rt_memcpy_w.o(.text)
    __rt_memcpy_w                            0x08000279   Thumb Code   100  rt_memcpy_w.o(.text)
    _memcpy_lastbytes_aligned                0x080002c1   Thumb Code     0  rt_memcpy_w.o(.text)
    __aeabi_memclr4                          0x080002dd   Thumb Code     0  rt_memclr_w.o(.text)
    __aeabi_memclr8                          0x080002dd   Thumb Code     0  rt_memclr_w.o(.text)
    __rt_memclr_w                            0x080002dd   Thumb Code    78  rt_memclr_w.o(.text)
    _memset_w                                0x080002e1   Thumb Code     0  rt_memclr_w.o(.text)
    __use_two_region_memory                  0x0800032b   Thumb Code     2  heapauxi.o(.text)
    __rt_heap_escrow$2region                 0x0800032d   Thumb Code     2  heapauxi.o(.text)
    __rt_heap_expand$2region                 0x0800032f   Thumb Code     2  heapauxi.o(.text)
    _printf_char_file                        0x08000331   Thumb Code    32  _printf_char_file.o(.text)
    _printf_char_common                      0x0800035f   Thumb Code    32  _printf_char_common.o(.text)
    ferror                                   0x08000385   Thumb Code     8  ferror.o(.text)
    __user_setup_stackheap                   0x0800038d   Thumb Code    74  sys_stackheap_outer.o(.text)
    __printf                                 0x080003d7   Thumb Code    40  __printf_nopercent.o(.text)
    exit                                     0x080003ff   Thumb Code    18  exit.o(.text)
    __user_libspace                          0x08000411   Thumb Code     8  libspace.o(.text)
    __user_perproc_libspace                  0x08000411   Thumb Code     0  libspace.o(.text)
    __user_perthread_libspace                0x08000411   Thumb Code     0  libspace.o(.text)
    _sys_exit                                0x08000419   Thumb Code     8  sys_exit.o(.text)
    __I$use$semihosting                      0x08000425   Thumb Code     0  use_no_semi.o(.text)
    __use_no_semihosting_swi                 0x08000425   Thumb Code     2  use_no_semi.o(.text)
    __semihosting_library_function           0x08000427   Thumb Code     0  indicate_semi.o(.text)
    ADC_ConversionStop_Disable               0x08000429   Thumb Code    86  stm32f1xx_hal_adc.o(i.ADC_ConversionStop_Disable)
    ADC_Enable                               0x08000481   Thumb Code   114  stm32f1xx_hal_adc.o(i.ADC_Enable)
    BusFault_Handler                         0x080004fd   Thumb Code     2  stm32f1xx_it.o(i.BusFault_Handler)
    DebugMon_Handler                         0x080004ff   Thumb Code     2  stm32f1xx_it.o(i.DebugMon_Handler)
    Error_Handler                            0x08000501   Thumb Code     4  main.o(i.Error_Handler)
    HAL_ADCEx_Calibration_Start              0x08000505   Thumb Code   210  stm32f1xx_hal_adc_ex.o(i.HAL_ADCEx_Calibration_Start)
    HAL_ADC_ConfigChannel                    0x080005dd   Thumb Code   240  stm32f1xx_hal_adc.o(i.HAL_ADC_ConfigChannel)
    HAL_ADC_Init                             0x080006d9   Thumb Code   272  stm32f1xx_hal_adc.o(i.HAL_ADC_Init)
    HAL_ADC_MspInit                          0x080007f5   Thumb Code   104  adc.o(i.HAL_ADC_MspInit)
    HAL_CAN_Init                             0x0800086d   Thumb Code   282  stm32f1xx_hal_can.o(i.HAL_CAN_Init)
    HAL_CAN_MspInit                          0x08000989   Thumb Code    96  can.o(i.HAL_CAN_MspInit)
    HAL_GPIO_Init                            0x080009f5   Thumb Code   446  stm32f1xx_hal_gpio.o(i.HAL_GPIO_Init)
    HAL_GPIO_WritePin                        0x08000bd5   Thumb Code    10  stm32f1xx_hal_gpio.o(i.HAL_GPIO_WritePin)
    HAL_GetTick                              0x08000be1   Thumb Code     6  stm32f1xx_hal.o(i.HAL_GetTick)
    HAL_I2C_Init                             0x08000bed   Thumb Code   376  stm32f1xx_hal_i2c.o(i.HAL_I2C_Init)
    HAL_I2C_MspInit                          0x08000d75   Thumb Code   134  i2c.o(i.HAL_I2C_MspInit)
    HAL_IncTick                              0x08000e0d   Thumb Code    12  stm32f1xx_hal.o(i.HAL_IncTick)
    HAL_Init                                 0x08000e1d   Thumb Code    32  stm32f1xx_hal.o(i.HAL_Init)
    HAL_InitTick                             0x08000e41   Thumb Code   132  stm32f1xx_hal_timebase_tim.o(i.HAL_InitTick)
    HAL_MspInit                              0x08000ed9   Thumb Code    62  stm32f1xx_hal_msp.o(i.HAL_MspInit)
    HAL_NVIC_EnableIRQ                       0x08000f21   Thumb Code    26  stm32f1xx_hal_cortex.o(i.HAL_NVIC_EnableIRQ)
    HAL_NVIC_SetPriority                     0x08000f3d   Thumb Code    60  stm32f1xx_hal_cortex.o(i.HAL_NVIC_SetPriority)
    HAL_NVIC_SetPriorityGrouping             0x08000f7d   Thumb Code    26  stm32f1xx_hal_cortex.o(i.HAL_NVIC_SetPriorityGrouping)
    HAL_RCCEx_GetPeriphCLKFreq               0x08000fa1   Thumb Code   148  stm32f1xx_hal_rcc_ex.o(i.HAL_RCCEx_GetPeriphCLKFreq)
    HAL_RCCEx_PeriphCLKConfig                0x08001045   Thumb Code   224  stm32f1xx_hal_rcc_ex.o(i.HAL_RCCEx_PeriphCLKConfig)
    HAL_RCC_ClockConfig                      0x08001131   Thumb Code   280  stm32f1xx_hal_rcc.o(i.HAL_RCC_ClockConfig)
    HAL_RCC_GetClockConfig                   0x0800125d   Thumb Code    54  stm32f1xx_hal_rcc.o(i.HAL_RCC_GetClockConfig)
    HAL_RCC_GetPCLK1Freq                     0x0800129d   Thumb Code    20  stm32f1xx_hal_rcc.o(i.HAL_RCC_GetPCLK1Freq)
    HAL_RCC_GetPCLK2Freq                     0x080012bd   Thumb Code    20  stm32f1xx_hal_rcc.o(i.HAL_RCC_GetPCLK2Freq)
    HAL_RCC_GetSysClockFreq                  0x080012dd   Thumb Code    58  stm32f1xx_hal_rcc.o(i.HAL_RCC_GetSysClockFreq)
    HAL_RCC_OscConfig                        0x08001329   Thumb Code   778  stm32f1xx_hal_rcc.o(i.HAL_RCC_OscConfig)
    HAL_SPI_Init                             0x08001649   Thumb Code   178  stm32f1xx_hal_spi.o(i.HAL_SPI_Init)
    HAL_SPI_MspInit                          0x080016fd   Thumb Code   102  spi.o(i.HAL_SPI_MspInit)
    HAL_TIMEx_BreakCallback                  0x08001771   Thumb Code     2  stm32f1xx_hal_tim_ex.o(i.HAL_TIMEx_BreakCallback)
    HAL_TIMEx_CommutCallback                 0x08001773   Thumb Code     2  stm32f1xx_hal_tim_ex.o(i.HAL_TIMEx_CommutCallback)
    HAL_TIMEx_MasterConfigSynchronization    0x08001775   Thumb Code    92  stm32f1xx_hal_tim_ex.o(i.HAL_TIMEx_MasterConfigSynchronization)
    HAL_TIM_Base_Init                        0x080017dd   Thumb Code    90  stm32f1xx_hal_tim.o(i.HAL_TIM_Base_Init)
    HAL_TIM_Base_MspInit                     0x08001839   Thumb Code    30  tim.o(i.HAL_TIM_Base_MspInit)
    HAL_TIM_Base_Start_IT                    0x08001861   Thumb Code    76  stm32f1xx_hal_tim.o(i.HAL_TIM_Base_Start_IT)
    HAL_TIM_ConfigClockSource                0x080018b9   Thumb Code   220  stm32f1xx_hal_tim.o(i.HAL_TIM_ConfigClockSource)
    HAL_TIM_IC_CaptureCallback               0x08001995   Thumb Code     2  stm32f1xx_hal_tim.o(i.HAL_TIM_IC_CaptureCallback)
    HAL_TIM_IRQHandler                       0x08001997   Thumb Code   304  stm32f1xx_hal_tim.o(i.HAL_TIM_IRQHandler)
    HAL_TIM_MspPostInit                      0x08001ac9   Thumb Code   104  tim.o(i.HAL_TIM_MspPostInit)
    HAL_TIM_OC_DelayElapsedCallback          0x08001b3d   Thumb Code     2  stm32f1xx_hal_tim.o(i.HAL_TIM_OC_DelayElapsedCallback)
    HAL_TIM_PWM_ConfigChannel                0x08001b3f   Thumb Code   204  stm32f1xx_hal_tim.o(i.HAL_TIM_PWM_ConfigChannel)
    HAL_TIM_PWM_Init                         0x08001c0b   Thumb Code    90  stm32f1xx_hal_tim.o(i.HAL_TIM_PWM_Init)
    HAL_TIM_PWM_MspInit                      0x08001c65   Thumb Code    52  tim.o(i.HAL_TIM_PWM_MspInit)
    HAL_TIM_PWM_PulseFinishedCallback        0x08001ca1   Thumb Code     2  stm32f1xx_hal_tim.o(i.HAL_TIM_PWM_PulseFinishedCallback)
    HAL_TIM_PWM_Start                        0x08001ca5   Thumb Code   144  stm32f1xx_hal_tim.o(i.HAL_TIM_PWM_Start)
    HAL_TIM_PeriodElapsedCallback            0x08001d41   Thumb Code    14  main.o(i.HAL_TIM_PeriodElapsedCallback)
    HAL_TIM_TriggerCallback                  0x08001d55   Thumb Code     2  stm32f1xx_hal_tim.o(i.HAL_TIM_TriggerCallback)
    HAL_UART_Init                            0x08001d57   Thumb Code   100  stm32f1xx_hal_uart.o(i.HAL_UART_Init)
    HAL_UART_MspInit                         0x08001dbd   Thumb Code   100  usart.o(i.HAL_UART_MspInit)
    HAL_UART_Transmit                        0x08001e2d   Thumb Code   160  stm32f1xx_hal_uart.o(i.HAL_UART_Transmit)
    HardFault_Handler                        0x08001ecd   Thumb Code     2  stm32f1xx_it.o(i.HardFault_Handler)
    INA240_Init                              0x08001ed1   Thumb Code     6  ina240.o(i.INA240_Init)
    MX_ADC1_Init                             0x08001edd   Thumb Code    70  adc.o(i.MX_ADC1_Init)
    MX_CAN_Init                              0x08001f2d   Thumb Code    52  can.o(i.MX_CAN_Init)
    MX_FREERTOS_Init                         0x08001f69   Thumb Code    30  freertos.o(i.MX_FREERTOS_Init)
    MX_GPIO_Init                             0x08001f91   Thumb Code   120  gpio.o(i.MX_GPIO_Init)
    MX_I2C1_Init                             0x08002011   Thumb Code    50  i2c.o(i.MX_I2C1_Init)
    MX_I2C2_Init                             0x08002051   Thumb Code    50  i2c.o(i.MX_I2C2_Init)
    MX_SPI2_Init                             0x08002091   Thumb Code    60  spi.o(i.MX_SPI2_Init)
    MX_TIM1_Init                             0x080020d5   Thumb Code    94  tim.o(i.MX_TIM1_Init)
    MX_TIM2_Init                             0x0800213d   Thumb Code   164  tim.o(i.MX_TIM2_Init)
    MX_TIM3_Init                             0x080021e5   Thumb Code   130  tim.o(i.MX_TIM3_Init)
    MX_USART1_UART_Init                      0x08002271   Thumb Code    48  usart.o(i.MX_USART1_UART_Init)
    MemManage_Handler                        0x080022a9   Thumb Code     2  stm32f1xx_it.o(i.MemManage_Handler)
    MotorPWM_Init                            0x080022dd   Thumb Code   160  motorpwm.o(i.MotorPWM_Init)
    MotorPWM_M0_HoldDuty                     0x08002385   Thumb Code    38  motorpwm.o(i.MotorPWM_M0_HoldDuty)
    MotorPWM_SetDuty                         0x080023b1   Thumb Code    72  motorpwm.o(i.MotorPWM_SetDuty)
    MotorPWM_StopAll                         0x08002401   Thumb Code    38  motorpwm.o(i.MotorPWM_StopAll)
    NMI_Handler                              0x0800242d   Thumb Code     2  stm32f1xx_it.o(i.NMI_Handler)
    StartDefaultTask                         0x08002431   Thumb Code    68  freertos.o(i.StartDefaultTask)
    SysTick_Handler                          0x0800250d   Thumb Code    38  port.o(i.SysTick_Handler)
    SystemClock_Config                       0x08002539   Thumb Code   120  main.o(i.SystemClock_Config)
    SystemInit                               0x080025b1   Thumb Code     2  system_stm32f1xx.o(i.SystemInit)
    TIM4_IRQHandler                          0x080025b5   Thumb Code     6  stm32f1xx_it.o(i.TIM4_IRQHandler)
    TIM_Base_SetConfig                       0x080025c1   Thumb Code   108  stm32f1xx_hal_tim.o(i.TIM_Base_SetConfig)
    TIM_CCxChannelCmd                        0x08002639   Thumb Code    26  stm32f1xx_hal_tim.o(i.TIM_CCxChannelCmd)
    TIM_ETR_SetConfig                        0x08002653   Thumb Code    20  stm32f1xx_hal_tim.o(i.TIM_ETR_SetConfig)
    TIM_OC2_SetConfig                        0x080026c9   Thumb Code    84  stm32f1xx_hal_tim.o(i.TIM_OC2_SetConfig)
    UsageFault_Handler                       0x0800297b   Thumb Code     2  stm32f1xx_it.o(i.UsageFault_Handler)
    fputc                                    0x0800299d   Thumb Code    20  main.o(i.fputc)
    main                                     0x080029b5   Thumb Code    64  main.o(i.main)
    osDelay                                  0x08002a15   Thumb Code    14  cmsis_os.o(i.osDelay)
    osKernelStart                            0x08002a23   Thumb Code    10  cmsis_os.o(i.osKernelStart)
    osThreadCreate                           0x08002a2d   Thumb Code    84  cmsis_os.o(i.osThreadCreate)
    pvPortMalloc                             0x08002dcd   Thumb Code   216  heap_4.o(i.pvPortMalloc)
    pxPortInitialiseStack                    0x08002ea9   Thumb Code    32  port.o(i.pxPortInitialiseStack)
    uxListRemove                             0x08002ecd   Thumb Code    38  list.o(i.uxListRemove)
    vApplicationGetIdleTaskMemory            0x08002ef5   Thumb Code    16  freertos.o(i.vApplicationGetIdleTaskMemory)
    vListInitialise                          0x08002f09   Thumb Code    22  list.o(i.vListInitialise)
    vListInitialiseItem                      0x08002f1f   Thumb Code     6  list.o(i.vListInitialiseItem)
    vListInsert                              0x08002f25   Thumb Code    48  list.o(i.vListInsert)
    vListInsertEnd                           0x08002f55   Thumb Code    24  list.o(i.vListInsertEnd)
    vPortEnterCritical                       0x08002f6d   Thumb Code    54  port.o(i.vPortEnterCritical)
    vPortExitCritical                        0x08002fad   Thumb Code    34  port.o(i.vPortExitCritical)
    vPortFree                                0x08002fd5   Thumb Code    94  heap_4.o(i.vPortFree)
    vPortSetupTimerInterrupt                 0x08003039   Thumb Code    32  port.o(i.vPortSetupTimerInterrupt)
    vTaskDelay                               0x0800305d   Thumb Code    66  tasks.o(i.vTaskDelay)
    vTaskStartScheduler                      0x080030a9   Thumb Code    90  tasks.o(i.vTaskStartScheduler)
    vTaskSuspendAll                          0x08003115   Thumb Code    10  tasks.o(i.vTaskSuspendAll)
    vTaskSwitchContext                       0x08003125   Thumb Code    82  tasks.o(i.vTaskSwitchContext)
    xPortStartScheduler                      0x08003181   Thumb Code   154  port.o(i.xPortStartScheduler)
    xTaskCreate                              0x08003229   Thumb Code    90  tasks.o(i.xTaskCreate)
    xTaskCreateStatic                        0x08003283   Thumb Code    86  tasks.o(i.xTaskCreateStatic)
    xTaskIncrementTick                       0x080032d9   Thumb Code   194  tasks.o(i.xTaskIncrementTick)
    xTaskResumeAll                           0x080033a5   Thumb Code   182  tasks.o(i.xTaskResumeAll)
    __aeabi_fadd                             0x08003469   Thumb Code     0  faddsub_clz.o(x$fpl$fadd)
    _fadd                                    0x08003469   Thumb Code   196  faddsub_clz.o(x$fpl$fadd)
    __aeabi_f2uiz                            0x0800352d   Thumb Code     0  ffixu.o(x$fpl$ffixu)
    _ffixu                                   0x0800352d   Thumb Code    62  ffixu.o(x$fpl$ffixu)
    __aeabi_fmul                             0x0800356d   Thumb Code     0  fmul.o(x$fpl$fmul)
    _fmul                                    0x0800356d   Thumb Code   258  fmul.o(x$fpl$fmul)
    __fpl_fnaninf                            0x0800366f   Thumb Code   140  fnaninf.o(x$fpl$fnaninf)
    __fpl_fretinf                            0x080036fb   Thumb Code    10  fretinf.o(x$fpl$fretinf)
    __aeabi_fsub                             0x08003705   Thumb Code     0  faddsub_clz.o(x$fpl$fsub)
    _fsub                                    0x08003705   Thumb Code   234  faddsub_clz.o(x$fpl$fsub)
    __I$use$fp                               0x080037ee   Number         0  usenofp.o(x$fpl$usenofp)
    AHBPrescTable                            0x08003830   Data          16  system_stm32f1xx.o(.constdata)
    APBPrescTable                            0x08003840   Data           8  system_stm32f1xx.o(.constdata)
    Region$$Table$$Base                      0x08003854   Number         0  anon$$obj.o(Region$$Table)
    Region$$Table$$Limit                     0x08003874   Number         0  anon$$obj.o(Region$$Table)
    __stdout                                 0x20000000   Data           4  main.o(.data)
    defaultTaskHandle                        0x20000004   Data           4  freertos.o(.data)
    uwTickFreq                               0x20000014   Data           1  stm32f1xx_hal.o(.data)
    uwTickPrio                               0x20000018   Data           4  stm32f1xx_hal.o(.data)
    uwTick                                   0x2000001c   Data           4  stm32f1xx_hal.o(.data)
    SystemCoreClock                          0x20000020   Data           4  system_stm32f1xx.o(.data)
    pxCurrentTCB                             0x20000024   Data           4  tasks.o(.data)
    hadc1                                    0x200002e0   Data          48  adc.o(.bss)
    hcan                                     0x20000310   Data          40  can.o(.bss)
    hi2c1                                    0x20000338   Data          84  i2c.o(.bss)
    hi2c2                                    0x2000038c   Data          84  i2c.o(.bss)
    hspi2                                    0x200003e0   Data          88  spi.o(.bss)
    htim1                                    0x20000438   Data          72  tim.o(.bss)
    htim2                                    0x20000480   Data          72  tim.o(.bss)
    htim3                                    0x200004c8   Data          72  tim.o(.bss)
    huart1                                   0x20000510   Data          72  usart.o(.bss)
    htim4                                    0x20000558   Data          72  stm32f1xx_hal_timebase_tim.o(.bss)
    __libspace_start                         0x20001290   Data          96  libspace.o(.bss)
    __temporary_stack_top$libspace           0x200012f0   Data           0  libspace.o(.bss)



==============================================================================

Memory Map of the image

  Image Entry point : 0x080000ed

  Load Region LR_IROM1 (Base: 0x08000000, Size: 0x00003900, Max: 0x00010000, ABSOLUTE)

    Execution Region ER_IROM1 (Exec base: 0x08000000, Load base: 0x08000000, Size: 0x00003874, Max: 0x00010000, ABSOLUTE)

    Exec Addr    Load Addr    Size         Type   Attr      Idx    E Section Name        Object

    0x08000000   0x08000000   0x000000ec   Data   RO            3    RESET               startup_stm32f103xb.o
    0x080000ec   0x080000ec   0x00000008   Code   RO         5856  * !!!main             c_w.l(__main.o)
    0x080000f4   0x080000f4   0x00000034   Code   RO         6042    !!!scatter          c_w.l(__scatter.o)
    0x08000128   0x08000128   0x0000001a   Code   RO         6044    !!handler_copy      c_w.l(__scatter_copy.o)
    0x08000142   0x08000142   0x00000002   PAD
    0x08000144   0x08000144   0x0000001c   Code   RO         6046    !!handler_zi        c_w.l(__scatter_zi.o)
    0x08000160   0x08000160   0x00000002   Code   RO         5912    .ARM.Collect$$libinit$$00000000  c_w.l(libinit.o)
    0x08000162   0x08000162   0x00000000   Code   RO         5919    .ARM.Collect$$libinit$$00000002  c_w.l(libinit2.o)
    0x08000162   0x08000162   0x00000000   Code   RO         5921    .ARM.Collect$$libinit$$00000004  c_w.l(libinit2.o)
    0x08000162   0x08000162   0x00000000   Code   RO         5924    .ARM.Collect$$libinit$$0000000A  c_w.l(libinit2.o)
    0x08000162   0x08000162   0x00000000   Code   RO         5926    .ARM.Collect$$libinit$$0000000C  c_w.l(libinit2.o)
    0x08000162   0x08000162   0x00000000   Code   RO         5928    .ARM.Collect$$libinit$$0000000E  c_w.l(libinit2.o)
    0x08000162   0x08000162   0x00000000   Code   RO         5931    .ARM.Collect$$libinit$$00000011  c_w.l(libinit2.o)
    0x08000162   0x08000162   0x00000000   Code   RO         5933    .ARM.Collect$$libinit$$00000013  c_w.l(libinit2.o)
    0x08000162   0x08000162   0x00000000   Code   RO         5935    .ARM.Collect$$libinit$$00000015  c_w.l(libinit2.o)
    0x08000162   0x08000162   0x00000000   Code   RO         5937    .ARM.Collect$$libinit$$00000017  c_w.l(libinit2.o)
    0x08000162   0x08000162   0x00000000   Code   RO         5939    .ARM.Collect$$libinit$$00000019  c_w.l(libinit2.o)
    0x08000162   0x08000162   0x00000000   Code   RO         5941    .ARM.Collect$$libinit$$0000001B  c_w.l(libinit2.o)
    0x08000162   0x08000162   0x00000000   Code   RO         5943    .ARM.Collect$$libinit$$0000001D  c_w.l(libinit2.o)
    0x08000162   0x08000162   0x00000000   Code   RO         5945    .ARM.Collect$$libinit$$0000001F  c_w.l(libinit2.o)
    0x08000162   0x08000162   0x00000000   Code   RO         5947    .ARM.Collect$$libinit$$00000021  c_w.l(libinit2.o)
    0x08000162   0x08000162   0x00000000   Code   RO         5949    .ARM.Collect$$libinit$$00000023  c_w.l(libinit2.o)
    0x08000162   0x08000162   0x00000000   Code   RO         5951    .ARM.Collect$$libinit$$00000025  c_w.l(libinit2.o)
    0x08000162   0x08000162   0x00000000   Code   RO         5955    .ARM.Collect$$libinit$$0000002C  c_w.l(libinit2.o)
    0x08000162   0x08000162   0x00000000   Code   RO         5957    .ARM.Collect$$libinit$$0000002E  c_w.l(libinit2.o)
    0x08000162   0x08000162   0x00000000   Code   RO         5959    .ARM.Collect$$libinit$$00000030  c_w.l(libinit2.o)
    0x08000162   0x08000162   0x00000000   Code   RO         5961    .ARM.Collect$$libinit$$00000032  c_w.l(libinit2.o)
    0x08000162   0x08000162   0x00000002   Code   RO         5962    .ARM.Collect$$libinit$$00000033  c_w.l(libinit2.o)
    0x08000164   0x08000164   0x00000002   Code   RO         5982    .ARM.Collect$$libshutdown$$00000000  c_w.l(libshutdown.o)
    0x08000166   0x08000166   0x00000000   Code   RO         5995    .ARM.Collect$$libshutdown$$00000002  c_w.l(libshutdown2.o)
    0x08000166   0x08000166   0x00000000   Code   RO         5997    .ARM.Collect$$libshutdown$$00000004  c_w.l(libshutdown2.o)
    0x08000166   0x08000166   0x00000000   Code   RO         6000    .ARM.Collect$$libshutdown$$00000007  c_w.l(libshutdown2.o)
    0x08000166   0x08000166   0x00000000   Code   RO         6003    .ARM.Collect$$libshutdown$$0000000A  c_w.l(libshutdown2.o)
    0x08000166   0x08000166   0x00000000   Code   RO         6005    .ARM.Collect$$libshutdown$$0000000C  c_w.l(libshutdown2.o)
    0x08000166   0x08000166   0x00000000   Code   RO         6008    .ARM.Collect$$libshutdown$$0000000F  c_w.l(libshutdown2.o)
    0x08000166   0x08000166   0x00000002   Code   RO         6009    .ARM.Collect$$libshutdown$$00000010  c_w.l(libshutdown2.o)
    0x08000168   0x08000168   0x00000000   Code   RO         5870    .ARM.Collect$$rtentry$$00000000  c_w.l(__rtentry.o)
    0x08000168   0x08000168   0x00000000   Code   RO         5881    .ARM.Collect$$rtentry$$00000002  c_w.l(__rtentry2.o)
    0x08000168   0x08000168   0x00000006   Code   RO         5893    .ARM.Collect$$rtentry$$00000004  c_w.l(__rtentry4.o)
    0x0800016e   0x0800016e   0x00000000   Code   RO         5883    .ARM.Collect$$rtentry$$00000009  c_w.l(__rtentry2.o)
    0x0800016e   0x0800016e   0x00000004   Code   RO         5884    .ARM.Collect$$rtentry$$0000000A  c_w.l(__rtentry2.o)
    0x08000172   0x08000172   0x00000000   Code   RO         5886    .ARM.Collect$$rtentry$$0000000C  c_w.l(__rtentry2.o)
    0x08000172   0x08000172   0x00000008   Code   RO         5887    .ARM.Collect$$rtentry$$0000000D  c_w.l(__rtentry2.o)
    0x0800017a   0x0800017a   0x00000002   Code   RO         5916    .ARM.Collect$$rtexit$$00000000  c_w.l(rtexit.o)
    0x0800017c   0x0800017c   0x00000000   Code   RO         5964    .ARM.Collect$$rtexit$$00000002  c_w.l(rtexit2.o)
    0x0800017c   0x0800017c   0x00000004   Code   RO         5965    .ARM.Collect$$rtexit$$00000003  c_w.l(rtexit2.o)
    0x08000180   0x08000180   0x00000006   Code   RO         5966    .ARM.Collect$$rtexit$$00000004  c_w.l(rtexit2.o)
    0x08000186   0x08000186   0x00000002   PAD
    0x08000188   0x08000188   0x00000096   Code   RO         5761    .emb_text           port.o
    0x0800021e   0x0800021e   0x00000002   PAD
    0x08000220   0x08000220   0x00000040   Code   RO            4    .text               startup_stm32f103xb.o
    0x08000260   0x08000260   0x00000018   Code   RO         5844    .text               c_w.l(noretval__2printf.o)
    0x08000278   0x08000278   0x00000064   Code   RO         5848    .text               c_w.l(rt_memcpy_w.o)
    0x080002dc   0x080002dc   0x0000004e   Code   RO         5852    .text               c_w.l(rt_memclr_w.o)
    0x0800032a   0x0800032a   0x00000006   Code   RO         5854    .text               c_w.l(heapauxi.o)
    0x08000330   0x08000330   0x00000024   Code   RO         5871    .text               c_w.l(_printf_char_file.o)
    0x08000354   0x08000354   0x00000030   Code   RO         5895    .text               c_w.l(_printf_char_common.o)
    0x08000384   0x08000384   0x00000008   Code   RO         5897    .text               c_w.l(ferror.o)
    0x0800038c   0x0800038c   0x0000004a   Code   RO         5901    .text               c_w.l(sys_stackheap_outer.o)
    0x080003d6   0x080003d6   0x00000028   Code   RO         5903    .text               c_w.l(__printf_nopercent.o)
    0x080003fe   0x080003fe   0x00000012   Code   RO         5905    .text               c_w.l(exit.o)
    0x08000410   0x08000410   0x00000008   Code   RO         5913    .text               c_w.l(libspace.o)
    0x08000418   0x08000418   0x0000000c   Code   RO         5974    .text               c_w.l(sys_exit.o)
    0x08000424   0x08000424   0x00000002   Code   RO         5985    .text               c_w.l(use_no_semi.o)
    0x08000426   0x08000426   0x00000000   Code   RO         5987    .text               c_w.l(indicate_semi.o)
    0x08000426   0x08000426   0x00000002   PAD
    0x08000428   0x08000428   0x00000056   Code   RO         1897    i.ADC_ConversionStop_Disable  stm32f1xx_hal_adc.o
    0x0800047e   0x0800047e   0x00000002   PAD
    0x08000480   0x08000480   0x0000007c   Code   RO         1901    i.ADC_Enable        stm32f1xx_hal_adc.o
    0x080004fc   0x080004fc   0x00000002   Code   RO          615    i.BusFault_Handler  stm32f1xx_it.o
    0x080004fe   0x080004fe   0x00000002   Code   RO          616    i.DebugMon_Handler  stm32f1xx_it.o
    0x08000500   0x08000500   0x00000004   Code   RO           13    i.Error_Handler     main.o
    0x08000504   0x08000504   0x000000d8   Code   RO         2077    i.HAL_ADCEx_Calibration_Start  stm32f1xx_hal_adc_ex.o
    0x080005dc   0x080005dc   0x000000fc   Code   RO         1903    i.HAL_ADC_ConfigChannel  stm32f1xx_hal_adc.o
    0x080006d8   0x080006d8   0x0000011c   Code   RO         1912    i.HAL_ADC_Init      stm32f1xx_hal_adc.o
    0x080007f4   0x080007f4   0x00000078   Code   RO          328    i.HAL_ADC_MspInit   adc.o
    0x0800086c   0x0800086c   0x0000011a   Code   RO         3164    i.HAL_CAN_Init      stm32f1xx_hal_can.o
    0x08000986   0x08000986   0x00000002   PAD
    0x08000988   0x08000988   0x0000006c   Code   RO          370    i.HAL_CAN_MspInit   can.o
    0x080009f4   0x080009f4   0x000001e0   Code   RO         2490    i.HAL_GPIO_Init     stm32f1xx_hal_gpio.o
    0x08000bd4   0x08000bd4   0x0000000a   Code   RO         2494    i.HAL_GPIO_WritePin  stm32f1xx_hal_gpio.o
    0x08000bde   0x08000bde   0x00000002   PAD
    0x08000be0   0x08000be0   0x0000000c   Code   RO         2184    i.HAL_GetTick       stm32f1xx_hal.o
    0x08000bec   0x08000bec   0x00000188   Code   RO         3395    i.HAL_I2C_Init      stm32f1xx_hal_i2c.o
    0x08000d74   0x08000d74   0x00000098   Code   RO          412    i.HAL_I2C_MspInit   i2c.o
    0x08000e0c   0x08000e0c   0x00000010   Code   RO         2190    i.HAL_IncTick       stm32f1xx_hal.o
    0x08000e1c   0x08000e1c   0x00000024   Code   RO         2191    i.HAL_Init          stm32f1xx_hal.o
    0x08000e40   0x08000e40   0x00000098   Code   RO          703    i.HAL_InitTick      stm32f1xx_hal_timebase_tim.o
    0x08000ed8   0x08000ed8   0x00000048   Code   RO          679    i.HAL_MspInit       stm32f1xx_hal_msp.o
    0x08000f20   0x08000f20   0x0000001a   Code   RO         2650    i.HAL_NVIC_EnableIRQ  stm32f1xx_hal_cortex.o
    0x08000f3a   0x08000f3a   0x00000002   PAD
    0x08000f3c   0x08000f3c   0x00000040   Code   RO         2656    i.HAL_NVIC_SetPriority  stm32f1xx_hal_cortex.o
    0x08000f7c   0x08000f7c   0x00000024   Code   RO         2657    i.HAL_NVIC_SetPriorityGrouping  stm32f1xx_hal_cortex.o
    0x08000fa0   0x08000fa0   0x000000a4   Code   RO         2451    i.HAL_RCCEx_GetPeriphCLKFreq  stm32f1xx_hal_rcc_ex.o
    0x08001044   0x08001044   0x000000ec   Code   RO         2452    i.HAL_RCCEx_PeriphCLKConfig  stm32f1xx_hal_rcc_ex.o
    0x08001130   0x08001130   0x0000012c   Code   RO         2348    i.HAL_RCC_ClockConfig  stm32f1xx_hal_rcc.o
    0x0800125c   0x0800125c   0x00000040   Code   RO         2352    i.HAL_RCC_GetClockConfig  stm32f1xx_hal_rcc.o
    0x0800129c   0x0800129c   0x00000020   Code   RO         2355    i.HAL_RCC_GetPCLK1Freq  stm32f1xx_hal_rcc.o
    0x080012bc   0x080012bc   0x00000020   Code   RO         2356    i.HAL_RCC_GetPCLK2Freq  stm32f1xx_hal_rcc.o
    0x080012dc   0x080012dc   0x0000004c   Code   RO         2357    i.HAL_RCC_GetSysClockFreq  stm32f1xx_hal_rcc.o
    0x08001328   0x08001328   0x00000320   Code   RO         2360    i.HAL_RCC_OscConfig  stm32f1xx_hal_rcc.o
    0x08001648   0x08001648   0x000000b2   Code   RO         3832    i.HAL_SPI_Init      stm32f1xx_hal_spi.o
    0x080016fa   0x080016fa   0x00000002   PAD
    0x080016fc   0x080016fc   0x00000074   Code   RO          460    i.HAL_SPI_MspInit   spi.o
    0x08001770   0x08001770   0x00000002   Code   RO         1630    i.HAL_TIMEx_BreakCallback  stm32f1xx_hal_tim_ex.o
    0x08001772   0x08001772   0x00000002   Code   RO         1631    i.HAL_TIMEx_CommutCallback  stm32f1xx_hal_tim_ex.o
    0x08001774   0x08001774   0x00000068   Code   RO         1649    i.HAL_TIMEx_MasterConfigSynchronization  stm32f1xx_hal_tim_ex.o
    0x080017dc   0x080017dc   0x0000005a   Code   RO          926    i.HAL_TIM_Base_Init  stm32f1xx_hal_tim.o
    0x08001836   0x08001836   0x00000002   PAD
    0x08001838   0x08001838   0x00000028   Code   RO          502    i.HAL_TIM_Base_MspInit  tim.o
    0x08001860   0x08001860   0x00000058   Code   RO          931    i.HAL_TIM_Base_Start_IT  stm32f1xx_hal_tim.o
    0x080018b8   0x080018b8   0x000000dc   Code   RO          935    i.HAL_TIM_ConfigClockSource  stm32f1xx_hal_tim.o
    0x08001994   0x08001994   0x00000002   Code   RO          960    i.HAL_TIM_IC_CaptureCallback  stm32f1xx_hal_tim.o
    0x08001996   0x08001996   0x00000130   Code   RO          974    i.HAL_TIM_IRQHandler  stm32f1xx_hal_tim.o
    0x08001ac6   0x08001ac6   0x00000002   PAD
    0x08001ac8   0x08001ac8   0x00000074   Code   RO          503    i.HAL_TIM_MspPostInit  tim.o
    0x08001b3c   0x08001b3c   0x00000002   Code   RO          977    i.HAL_TIM_OC_DelayElapsedCallback  stm32f1xx_hal_tim.o
    0x08001b3e   0x08001b3e   0x000000cc   Code   RO          998    i.HAL_TIM_PWM_ConfigChannel  stm32f1xx_hal_tim.o
    0x08001c0a   0x08001c0a   0x0000005a   Code   RO         1001    i.HAL_TIM_PWM_Init  stm32f1xx_hal_tim.o
    0x08001c64   0x08001c64   0x0000003c   Code   RO          505    i.HAL_TIM_PWM_MspInit  tim.o
    0x08001ca0   0x08001ca0   0x00000002   Code   RO         1004    i.HAL_TIM_PWM_PulseFinishedCallback  stm32f1xx_hal_tim.o
    0x08001ca2   0x08001ca2   0x00000002   PAD
    0x08001ca4   0x08001ca4   0x0000009c   Code   RO         1006    i.HAL_TIM_PWM_Start  stm32f1xx_hal_tim.o
    0x08001d40   0x08001d40   0x00000014   Code   RO           14    i.HAL_TIM_PeriodElapsedCallback  main.o
    0x08001d54   0x08001d54   0x00000002   Code   RO         1017    i.HAL_TIM_TriggerCallback  stm32f1xx_hal_tim.o
    0x08001d56   0x08001d56   0x00000064   Code   RO         4173    i.HAL_UART_Init     stm32f1xx_hal_uart.o
    0x08001dba   0x08001dba   0x00000002   PAD
    0x08001dbc   0x08001dbc   0x00000070   Code   RO          574    i.HAL_UART_MspInit  usart.o
    0x08001e2c   0x08001e2c   0x000000a0   Code   RO         4181    i.HAL_UART_Transmit  stm32f1xx_hal_uart.o
    0x08001ecc   0x08001ecc   0x00000002   Code   RO          617    i.HardFault_Handler  stm32f1xx_it.o
    0x08001ece   0x08001ece   0x00000002   PAD
    0x08001ed0   0x08001ed0   0x0000000c   Code   RO          778    i.INA240_Init       ina240.o
    0x08001edc   0x08001edc   0x00000050   Code   RO          329    i.MX_ADC1_Init      adc.o
    0x08001f2c   0x08001f2c   0x0000003c   Code   RO          371    i.MX_CAN_Init       can.o
    0x08001f68   0x08001f68   0x00000028   Code   RO          267    i.MX_FREERTOS_Init  freertos.o
    0x08001f90   0x08001f90   0x00000080   Code   RO          243    i.MX_GPIO_Init      gpio.o
    0x08002010   0x08002010   0x00000040   Code   RO          413    i.MX_I2C1_Init      i2c.o
    0x08002050   0x08002050   0x00000040   Code   RO          414    i.MX_I2C2_Init      i2c.o
    0x08002090   0x08002090   0x00000044   Code   RO          461    i.MX_SPI2_Init      spi.o
    0x080020d4   0x080020d4   0x00000068   Code   RO          506    i.MX_TIM1_Init      tim.o
    0x0800213c   0x0800213c   0x000000a8   Code   RO          507    i.MX_TIM2_Init      tim.o
    0x080021e4   0x080021e4   0x0000008c   Code   RO          508    i.MX_TIM3_Init      tim.o
    0x08002270   0x08002270   0x00000038   Code   RO          575    i.MX_USART1_UART_Init  usart.o
    0x080022a8   0x080022a8   0x00000002   Code   RO          618    i.MemManage_Handler  stm32f1xx_it.o
    0x080022aa   0x080022aa   0x00000002   PAD
    0x080022ac   0x080022ac   0x00000030   Code   RO          817    i.MotorPWM_DutyToCcr  motorpwm.o
    0x080022dc   0x080022dc   0x000000a8   Code   RO          818    i.MotorPWM_Init     motorpwm.o
    0x08002384   0x08002384   0x0000002c   Code   RO          819    i.MotorPWM_M0_HoldDuty  motorpwm.o
    0x080023b0   0x080023b0   0x00000050   Code   RO          823    i.MotorPWM_SetDuty  motorpwm.o
    0x08002400   0x08002400   0x0000002c   Code   RO          824    i.MotorPWM_StopAll  motorpwm.o
    0x0800242c   0x0800242c   0x00000002   Code   RO          619    i.NMI_Handler       stm32f1xx_it.o
    0x0800242e   0x0800242e   0x00000002   PAD
    0x08002430   0x08002430   0x000000dc   Code   RO          268    i.StartDefaultTask  freertos.o
    0x0800250c   0x0800250c   0x0000002c   Code   RO         5762    i.SysTick_Handler   port.o
    0x08002538   0x08002538   0x00000078   Code   RO           15    i.SystemClock_Config  main.o
    0x080025b0   0x080025b0   0x00000002   Code   RO         4507    i.SystemInit        system_stm32f1xx.o
    0x080025b2   0x080025b2   0x00000002   PAD
    0x080025b4   0x080025b4   0x0000000c   Code   RO          620    i.TIM4_IRQHandler   stm32f1xx_it.o
    0x080025c0   0x080025c0   0x00000078   Code   RO         1019    i.TIM_Base_SetConfig  stm32f1xx_hal_tim.o
    0x08002638   0x08002638   0x0000001a   Code   RO         1020    i.TIM_CCxChannelCmd  stm32f1xx_hal_tim.o
    0x08002652   0x08002652   0x00000014   Code   RO         1030    i.TIM_ETR_SetConfig  stm32f1xx_hal_tim.o
    0x08002666   0x08002666   0x00000010   Code   RO         1031    i.TIM_ITRx_SetConfig  stm32f1xx_hal_tim.o
    0x08002676   0x08002676   0x00000002   PAD
    0x08002678   0x08002678   0x00000050   Code   RO         1032    i.TIM_OC1_SetConfig  stm32f1xx_hal_tim.o
    0x080026c8   0x080026c8   0x00000058   Code   RO         1033    i.TIM_OC2_SetConfig  stm32f1xx_hal_tim.o
    0x08002720   0x08002720   0x00000058   Code   RO         1034    i.TIM_OC3_SetConfig  stm32f1xx_hal_tim.o
    0x08002778   0x08002778   0x00000044   Code   RO         1035    i.TIM_OC4_SetConfig  stm32f1xx_hal_tim.o
    0x080027bc   0x080027bc   0x00000022   Code   RO         1037    i.TIM_TI1_ConfigInputStage  stm32f1xx_hal_tim.o
    0x080027de   0x080027de   0x00000024   Code   RO         1039    i.TIM_TI2_ConfigInputStage  stm32f1xx_hal_tim.o
    0x08002802   0x08002802   0x0000004e   Code   RO         4196    i.UART_EndRxTransfer  stm32f1xx_hal_uart.o
    0x08002850   0x08002850   0x000000b8   Code   RO         4199    i.UART_SetConfig    stm32f1xx_hal_uart.o
    0x08002908   0x08002908   0x00000072   Code   RO         4202    i.UART_WaitOnFlagUntilTimeout  stm32f1xx_hal_uart.o
    0x0800297a   0x0800297a   0x00000002   Code   RO          621    i.UsageFault_Handler  stm32f1xx_it.o
    0x0800297c   0x0800297c   0x00000020   Code   RO         2663    i.__NVIC_SetPriority  stm32f1xx_hal_cortex.o
    0x0800299c   0x0800299c   0x00000018   Code   RO           16    i.fputc             main.o
    0x080029b4   0x080029b4   0x00000054   Code   RO           17    i.main              main.o
    0x08002a08   0x08002a08   0x0000000c   Code   RO         5327    i.makeFreeRtosPriority  cmsis_os.o
    0x08002a14   0x08002a14   0x0000000e   Code   RO         5329    i.osDelay           cmsis_os.o
    0x08002a22   0x08002a22   0x0000000a   Code   RO         5332    i.osKernelStart     cmsis_os.o
    0x08002a2c   0x08002a2c   0x00000054   Code   RO         5366    i.osThreadCreate    cmsis_os.o
    0x08002a80   0x08002a80   0x00000070   Code   RO         5009    i.prvAddCurrentTaskToDelayedList  tasks.o
    0x08002af0   0x08002af0   0x000000d0   Code   RO         5010    i.prvAddNewTaskToReadyList  tasks.o
    0x08002bc0   0x08002bc0   0x00000034   Code   RO         5011    i.prvDeleteTCB      tasks.o
    0x08002bf4   0x08002bf4   0x0000004c   Code   RO         5694    i.prvHeapInit       heap_4.o
    0x08002c40   0x08002c40   0x00000060   Code   RO         5012    i.prvIdleTask       tasks.o
    0x08002ca0   0x08002ca0   0x00000098   Code   RO         5013    i.prvInitialiseNewTask  tasks.o
    0x08002d38   0x08002d38   0x0000004c   Code   RO         5695    i.prvInsertBlockIntoFreeList  heap_4.o
    0x08002d84   0x08002d84   0x00000020   Code   RO         5014    i.prvResetNextTaskUnblockTime  tasks.o
    0x08002da4   0x08002da4   0x00000028   Code   RO         5763    i.prvTaskExitError  port.o
    0x08002dcc   0x08002dcc   0x000000dc   Code   RO         5696    i.pvPortMalloc      heap_4.o
    0x08002ea8   0x08002ea8   0x00000024   Code   RO         5764    i.pxPortInitialiseStack  port.o
    0x08002ecc   0x08002ecc   0x00000026   Code   RO         4645    i.uxListRemove      list.o
    0x08002ef2   0x08002ef2   0x00000002   PAD
    0x08002ef4   0x08002ef4   0x00000014   Code   RO          269    i.vApplicationGetIdleTaskMemory  freertos.o
    0x08002f08   0x08002f08   0x00000016   Code   RO         4646    i.vListInitialise   list.o
    0x08002f1e   0x08002f1e   0x00000006   Code   RO         4647    i.vListInitialiseItem  list.o
    0x08002f24   0x08002f24   0x00000030   Code   RO         4648    i.vListInsert       list.o
    0x08002f54   0x08002f54   0x00000018   Code   RO         4649    i.vListInsertEnd    list.o
    0x08002f6c   0x08002f6c   0x00000040   Code   RO         5766    i.vPortEnterCritical  port.o
    0x08002fac   0x08002fac   0x00000028   Code   RO         5767    i.vPortExitCritical  port.o
    0x08002fd4   0x08002fd4   0x00000064   Code   RO         5697    i.vPortFree         heap_4.o
    0x08003038   0x08003038   0x00000024   Code   RO         5768    i.vPortSetupTimerInterrupt  port.o
    0x0800305c   0x0800305c   0x0000004c   Code   RO         5023    i.vTaskDelay        tasks.o
    0x080030a8   0x080030a8   0x0000006c   Code   RO         5036    i.vTaskStartScheduler  tasks.o
    0x08003114   0x08003114   0x00000010   Code   RO         5038    i.vTaskSuspendAll   tasks.o
    0x08003124   0x08003124   0x0000005c   Code   RO         5039    i.vTaskSwitchContext  tasks.o
    0x08003180   0x08003180   0x000000a8   Code   RO         5770    i.xPortStartScheduler  port.o
    0x08003228   0x08003228   0x0000005a   Code   RO         5042    i.xTaskCreate       tasks.o
    0x08003282   0x08003282   0x00000056   Code   RO         5043    i.xTaskCreateStatic  tasks.o
    0x080032d8   0x080032d8   0x000000cc   Code   RO         5050    i.xTaskIncrementTick  tasks.o
    0x080033a4   0x080033a4   0x000000c4   Code   RO         5056    i.xTaskResumeAll    tasks.o
    0x08003468   0x08003468   0x000000c4   Code   RO         5858    x$fpl$fadd          fz_ws.l(faddsub_clz.o)
    0x0800352c   0x0800352c   0x0000003e   Code   RO         5864    x$fpl$ffixu         fz_ws.l(ffixu.o)
    0x0800356a   0x0800356a   0x00000002   PAD
    0x0800356c   0x0800356c   0x00000102   Code   RO         5868    x$fpl$fmul          fz_ws.l(fmul.o)
    0x0800366e   0x0800366e   0x0000008c   Code   RO         5875    x$fpl$fnaninf       fz_ws.l(fnaninf.o)
    0x080036fa   0x080036fa   0x0000000a   Code   RO         5877    x$fpl$fretinf       fz_ws.l(fretinf.o)
    0x08003704   0x08003704   0x000000ea   Code   RO         5860    x$fpl$fsub          fz_ws.l(faddsub_clz.o)
    0x080037ee   0x080037ee   0x00000000   Code   RO         5879    x$fpl$usenofp       fz_ws.l(usenofp.o)
    0x080037ee   0x080037ee   0x00000002   PAD
    0x080037f0   0x080037f0   0x0000001c   Data   RO          271    .constdata          freertos.o
    0x0800380c   0x0800380c   0x00000012   Data   RO         2361    .constdata          stm32f1xx_hal_rcc.o
    0x0800381e   0x0800381e   0x00000012   Data   RO         2453    .constdata          stm32f1xx_hal_rcc_ex.o
    0x08003830   0x08003830   0x00000010   Data   RO         4508    .constdata          system_stm32f1xx.o
    0x08003840   0x08003840   0x00000008   Data   RO         4509    .constdata          system_stm32f1xx.o
    0x08003848   0x08003848   0x0000000c   Data   RO          272    .conststring        freertos.o
    0x08003854   0x08003854   0x00000020   Data   RO         6040    Region$$Table       anon$$obj.o


    Execution Region RW_IRAM1 (Exec base: 0x20000000, Load base: 0x08003874, Size: 0x000018f0, Max: 0x00005000, ABSOLUTE)

    Exec Addr    Load Addr    Size         Type   Attr      Idx    E Section Name        Object

    0x20000000   0x08003874   0x00000004   Data   RW           18    .data               main.o
    0x20000004   0x08003878   0x00000004   Data   RW          273    .data               freertos.o
    0x20000008   0x0800387c   0x0000000c   Data   RW          825    .data               motorpwm.o
    0x20000014   0x08003888   0x0000000c   Data   RW         2198    .data               stm32f1xx_hal.o
    0x20000020   0x08003894   0x00000004   Data   RW         4510    .data               system_stm32f1xx.o
    0x20000024   0x08003898   0x0000003c   Data   RW         5059    .data               tasks.o
    0x20000060   0x080038d4   0x00000020   Data   RW         5703    .data               heap_4.o
    0x20000080   0x080038f4   0x0000000c   Data   RW         5771    .data               port.o
    0x2000008c        -       0x00000254   Zero   RW          270    .bss                freertos.o
    0x200002e0        -       0x00000030   Zero   RW          330    .bss                adc.o
    0x20000310        -       0x00000028   Zero   RW          372    .bss                can.o
    0x20000338        -       0x000000a8   Zero   RW          415    .bss                i2c.o
    0x200003e0        -       0x00000058   Zero   RW          462    .bss                spi.o
    0x20000438        -       0x000000d8   Zero   RW          509    .bss                tim.o
    0x20000510        -       0x00000048   Zero   RW          576    .bss                usart.o
    0x20000558        -       0x00000048   Zero   RW          706    .bss                stm32f1xx_hal_timebase_tim.o
    0x200005a0        -       0x000000f0   Zero   RW         5058    .bss                tasks.o
    0x20000690        -       0x00000c00   Zero   RW         5702    .bss                heap_4.o
    0x20001290        -       0x00000060   Zero   RW         5914    .bss                c_w.l(libspace.o)
    0x200012f0        -       0x00000200   Zero   RW            2    HEAP                startup_stm32f103xb.o
    0x200014f0        -       0x00000400   Zero   RW            1    STACK               startup_stm32f103xb.o


==============================================================================

Image component sizes


      Code (inc. data)   RO Data    RW Data    ZI Data      Debug   Object Name

       200         26          0          0         48       1833   adc.o
       168         20          0          0         40       1791   can.o
       120          0          0          0          0      23589   cmsis_os.o
         0          0          0          0          0      17132   event_groups.o
       280        166         40          4        596       3178   freertos.o
       128          8          0          0          0        991   gpio.o
       472         24          0         32       3072       7591   heap_4.o
       280         46          0          0        168       2458   i2c.o
        12          6          0          0          0        442   ina240.o
       138          0          0          0          0       3618   list.o
       252         30          0          4          0     509942   main.o
       384         32          0         12          0       3709   motorpwm.o
       578         60          0         12          0      10648   port.o
       184         22          0          0         88       1797   spi.o
        64         26        236          0       1536        848   startup_stm32f103xb.o
        64         14          0         12          0       4854   stm32f1xx_hal.o
       746         34          0          0          0       4245   stm32f1xx_hal_adc.o
       216          6          0          0          0       1502   stm32f1xx_hal_adc_ex.o
       282          0          0          0          0       1463   stm32f1xx_hal_can.o
       158         14          0          0          0      28374   stm32f1xx_hal_cortex.o
       490         34          0          0          0       3000   stm32f1xx_hal_gpio.o
       392         16          0          0          0       3279   stm32f1xx_hal_i2c.o
        72         10          0          0          0        942   stm32f1xx_hal_msp.o
      1304         94         18          0          0       5989   stm32f1xx_hal_rcc.o
       400         28         18          0          0       2573   stm32f1xx_hal_rcc_ex.o
       178          0          0          0          0       1231   stm32f1xx_hal_spi.o
      1736         56          0          0          0      16412   stm32f1xx_hal_tim.o
       108         12          0          0          0       2545   stm32f1xx_hal_tim_ex.o
       152         20          0          0         72       1583   stm32f1xx_hal_timebase_tim.o
       636          6          0          0          0       4848   stm32f1xx_hal_uart.o
        24          6          0          0          0       3267   stm32f1xx_it.o
         0          0          0          0          0        416   stream_buffer.o
         2          0         24          4          0       1227   system_stm32f1xx.o
      1520        112          0         60        240      19686   tasks.o
       628         54          0          0        216       4500   tim.o
       168         20          0          0         72       1822   usart.o

    ----------------------------------------------------------------------
     12568       1002        368        140       6148     703325   Object Totals
         0          0         32          0          0          0   (incl. Generated)
        32          0          0          0          0          0   (incl. Padding)

    ----------------------------------------------------------------------

      Code (inc. data)   RO Data    RW Data    ZI Data      Debug   Library Member Name

         8          0          0          0          0         68   __main.o
        40          0          0          0          0         84   __printf_nopercent.o
         0          0          0          0          0          0   __rtentry.o
        12          0          0          0          0          0   __rtentry2.o
         6          0          0          0          0          0   __rtentry4.o
        52          8          0          0          0          0   __scatter.o
        26          0          0          0          0          0   __scatter_copy.o
        28          0          0          0          0          0   __scatter_zi.o
        48          6          0          0          0         96   _printf_char_common.o
        36          4          0          0          0         80   _printf_char_file.o
        18          0          0          0          0         80   exit.o
         8          0          0          0          0         68   ferror.o
         6          0          0          0          0        152   heapauxi.o
         0          0          0          0          0          0   indicate_semi.o
         2          0          0          0          0          0   libinit.o
         2          0          0          0          0          0   libinit2.o
         2          0          0          0          0          0   libshutdown.o
         2          0          0          0          0          0   libshutdown2.o
         8          4          0          0         96         68   libspace.o
        24          4          0          0          0         84   noretval__2printf.o
        78          0          0          0          0         80   rt_memclr_w.o
       100          0          0          0          0         80   rt_memcpy_w.o
         2          0          0          0          0          0   rtexit.o
        10          0          0          0          0          0   rtexit2.o
        12          4          0          0          0         68   sys_exit.o
        74          0          0          0          0         80   sys_stackheap_outer.o
         2          0          0          0          0         68   use_no_semi.o
       430          8          0          0          0        168   faddsub_clz.o
        62          4          0          0          0         84   ffixu.o
       258          4          0          0          0         84   fmul.o
       140          4          0          0          0         84   fnaninf.o
        10          0          0          0          0         68   fretinf.o
         0          0          0          0          0          0   usenofp.o

    ----------------------------------------------------------------------
      1516         50          0          0         96       1644   Library Totals
        10          0          0          0          0          0   (incl. Padding)

    ----------------------------------------------------------------------

      Code (inc. data)   RO Data    RW Data    ZI Data      Debug   Library Name

       606         30          0          0         96       1156   c_w.l
       900         20          0          0          0        488   fz_ws.l

    ----------------------------------------------------------------------
      1516         50          0          0         96       1644   Library Totals

    ----------------------------------------------------------------------

==============================================================================


      Code (inc. data)   RO Data    RW Data    ZI Data      Debug   

     14084       1052        368        140       6244     697581   Grand Totals
     14084       1052        368        140       6244     697581   ELF Image Totals
     14084       1052        368        140          0          0   ROM Totals

==============================================================================

    Total RO  Size (Code + RO Data)                14452 (  14.11kB)
    Total RW  Size (RW Data + ZI Data)              6384 (   6.23kB)
    Total ROM Size (Code + RO Data + RW Data)      14592 (  14.25kB)

==============================================================================

